Microchip MPLAB XC8 Compiler V1.41 ()

Linker command line:

-W-3 --edf=C:\Program Files (x86)\Microchip\xc8\v1.41\dat\en_msgs.txt -cs \
  -h+dist/default/production\Smart_01_04_2021.X.production.sym \
  --cmf=dist/default/production\Smart_01_04_2021.X.production.cmf -z \
  -Q16F688 -oC:\Users\MAAM\AppData\Local\Temp\sfk4.2 \
  -Mdist/default/production/Smart_01_04_2021.X.production.map -E1 -ver=XC8 \
  -ASTACK=0120h-016fh -pstack=STACK -ACODE=00h-07FFhx2 -ASTRCODE=00h-0FFFh \
  -ASTRING=00h-0FFhx16 -ACONST=00h-0FFhx16 -AENTRY=00h-0FFhx16 \
  -ACOMMON=070h-07Fh -ABANK0=020h-06Fh -ABANK1=0A0h-0EFh \
  -ABANK2=0120h-016Fh -ARAM=020h-06Fh,0A0h-0EFh,0120h-016Fh \
  -AABS1=020h-07Fh,0A0h-0EFh,0120h-016Fh -ASFR0=00h-01Fh -ASFR1=080h-09Fh \
  -ASFR2=0100h-011Fh -ASFR3=0180h-01EFh \
  -preset_vec=00h,intentry=04h,init,end_init -ppowerup=CODE -pcinit=CODE \
  -pfunctab=CODE -ACONFIG=02007h-02007h -pconfig=CONFIG -DCONFIG=2 \
  -AIDLOC=02000h-02003h -pidloc=IDLOC -DIDLOC=2 -AEEDATA=00h-0FFh/02100h \
  -peeprom_data=EEDATA -DEEDATA=2 -DCODE=2 -DSTRCODE=2 -DSTRING=2 -DCONST=2 \
  -DENTRY=2 -k C:\Users\MAAM\AppData\Local\Temp\sfk4.obj \
  dist/default/production\Smart_01_04_2021.X.production.obj 

Object code version is 3.11

Machine type is 16F688



                Name                               Link     Load   Length Selector   Space Scale
C:\Users\MAAM\AppData\Local\Temp\sfk4.obj
                end_init                             11       11        2        8       0
                reset_vec                             0        0        2        0       0
                config                             2007     2007        1     400E       0
dist/default/production\Smart_01_04_2021.X.production.obj
                cinit                                13       13       17        8       0
                intentry                              4        4        D        8       0
                text31                              9B5      9B5        8     136A       0
                text30                              C40      C40       57     1880       0
                text29                              A79      A79       23     14F2       0
                text28                              A13      A13       17     1426       0
                text27                              A59      A59       20     14B2       0
                text26                              A41      A41       18     1482       0
                text25                              9C5      9C5        9     138A       0
                text24                              ABF      ABF       2C     157E       0
                text23                              A01      A01       12     1402       0
                text22                              D56      D56       6E     1AAC       0
                text21                              7D9      7D9       24        8       0
                text20                              489      489      108        8       0
                text19                              722      722       B7        8       0
                text18                              C97      C97       5F     192E       0
                text17                              591      591       D2        8       0
                text16                              9CE      9CE        A     139C       0
                text15                              E37      E37       8E     1C6E       0
                text14                              BBD      BBD       3E     177A       0
                text13                              A2A      A2A       17     1454       0
                text12                              A9C      A9C       23     1538       0
                text11                               2A       2A      45F        8       0
                text10                              AEB      AEB       30     15D6       0
                text9                               B1B      B1B       31     1636       0
                text8                               CF6      CF6       60     19EC       0
                text7                               DC4      DC4       73     1B88       0
                text6                               663      663       BF        8       0
                text5                               9E2      9E2        F     13C4       0
                text4                               B4C      B4C       34     1698       0
                text3                               F56      F56       AA     1EAC       0
                text2                               BFB      BFB       45     17F6       0
                text1                               EC5      EC5       91     1D8A       0
                maintext                            B80      B80       3D     1700       0
                cstackBANK0                          20       20       50       20       1
                cstackCOMMON                         70       70        7       70       1
                cstackBANK1                          CD       CD       14       A0       1
                clrtext                             9BD      9BD        8     137A       0
                inittext                            9F1      9F1       10     13E2       0
                dataBANK1                            E1       E1        A       A0       1
                bssBANK1                             A0       A0       2D       A0       1
                bssCOMMON                            77       77        3       70       1
                strings                             800      800       1D     1000       0
                idataBANK1                          9D8      9D8        A     13B0       0

TOTAL           Name                               Link     Load   Length     Space
        CLASS   STACK          

        CLASS   CODE           
                end_init                             11       11        2         0
                cinit                                13       13       17         0
                intentry                              4        4        D         0
                reset_vec                             0        0        2         0
                text31                              9B5      9B5        8         0
                text30                              C40      C40       57         0
                text29                              A79      A79       23         0
                text28                              A13      A13       17         0
                text27                              A59      A59       20         0
                text26                              A41      A41       18         0
                text25                              9C5      9C5        9         0
                text24                              ABF      ABF       2C         0
                text23                              A01      A01       12         0
                text22                              D56      D56       6E         0
                text21                              7D9      7D9       24         0
                text20                              489      489      108         0
                text19                              722      722       B7         0
                text18                              C97      C97       5F         0
                text17                              591      591       D2         0
                text16                              9CE      9CE        A         0
                text15                              E37      E37       8E         0
                text14                              BBD      BBD       3E         0
                text13                              A2A      A2A       17         0
                text12                              A9C      A9C       23         0
                text11                               2A       2A      45F         0
                text10                              AEB      AEB       30         0
                text9                               B1B      B1B       31         0
                text8                               CF6      CF6       60         0
                text7                               DC4      DC4       73         0
                text6                               663      663       BF         0
                text5                               9E2      9E2        F         0
                text4                               B4C      B4C       34         0
                text3                               F56      F56       AA         0
                text2                               BFB      BFB       45         0
                text1                               EC5      EC5       91         0
                maintext                            B80      B80       3D         0
                clrtext                             9BD      9BD        8         0
                inittext                            9F1      9F1       10         0
                idataBANK1                          9D8      9D8        A         0

        CLASS   STRCODE        

        CLASS   STRING         
                strings                             800      800       1D         0

        CLASS   CONST          

        CLASS   ENTRY          

        CLASS   COMMON         
                cstackCOMMON                         70       70        7         1
                bssCOMMON                            77       77        3         1

        CLASS   BANK0          
                cstackBANK0                          20       20       50         1

        CLASS   BANK1          
                cstackBANK1                          CD       CD       14         1
                dataBANK1                            E1       E1        A         1
                bssBANK1                             A0       A0       2D         1

        CLASS   BANK2          

        CLASS   RAM            

        CLASS   ABS1           
                abs_s1                               7E       7E        2         1

        CLASS   SFR0           

        CLASS   SFR1           

        CLASS   SFR2           

        CLASS   SFR3           

        CLASS   CONFIG         
                config                             2007     2007        1         0

        CLASS   IDLOC          

        CLASS   EEDATA         

        CLASS   BANK3          



SEGMENTS        Name                           Load    Length   Top    Selector   Space  Class     Delta

                reset_vec                      000000  000002  000002         0       0  CODE        2
                intentry                       000004  0007F9  0007FD         8       0  CODE        2
                cstackBANK0                    000020  000050  000070        20       1  BANK0       1
                cstackCOMMON                   000070  00000A  00007A        70       1  COMMON      1
                bssBANK1                       0000A0  00004B  0000EB        A0       1  BANK1       1
                strings                        000800  00001D  00081D      1000       0  STRING      2
                text31                         0009B5  000008  0009BD      136A       0  CODE        2
                clrtext                        0009BD  000008  0009C5      137A       0  CODE        2
                text25                         0009C5  000009  0009CE      138A       0  CODE        2
                text16                         0009CE  00000A  0009D8      139C       0  CODE        2
                idataBANK1                     0009D8  00000A  0009E2      13B0       0  CODE        2
                text5                          0009E2  00000F  0009F1      13C4       0  CODE        2
                inittext                       0009F1  000010  000A01      13E2       0  CODE        2
                text23                         000A01  000012  000A13      1402       0  CODE        2
                text28                         000A13  000017  000A2A      1426       0  CODE        2
                text13                         000A2A  000017  000A41      1454       0  CODE        2
                text26                         000A41  000018  000A59      1482       0  CODE        2
                text27                         000A59  000020  000A79      14B2       0  CODE        2
                text29                         000A79  000023  000A9C      14F2       0  CODE        2
                text12                         000A9C  000023  000ABF      1538       0  CODE        2
                text24                         000ABF  00002C  000AEB      157E       0  CODE        2
                text10                         000AEB  000030  000B1B      15D6       0  CODE        2
                text9                          000B1B  000031  000B4C      1636       0  CODE        2
                text4                          000B4C  000034  000B80      1698       0  CODE        2
                maintext                       000B80  00003D  000BBD      1700       0  CODE        2
                text14                         000BBD  00003E  000BFB      177A       0  CODE        2
                text2                          000BFB  000045  000C40      17F6       0  CODE        2
                text30                         000C40  000057  000C97      1880       0  CODE        2
                text18                         000C97  00005F  000CF6      192E       0  CODE        2
                text8                          000CF6  000060  000D56      19EC       0  CODE        2
                text22                         000D56  00006E  000DC4      1AAC       0  CODE        2
                text7                          000DC4  000073  000E37      1B88       0  CODE        2
                text15                         000E37  00008E  000EC5      1C6E       0  CODE        2
                text1                          000EC5  000091  000F56      1D8A       0  CODE        2
                text3                          000F56  0000AA  001000      1EAC       0  CODE        2
                config                         002007  000001  002008      400E       0  CONFIG      2


UNUSED ADDRESS RANGES

        Name                Unused          Largest block    Delta
        BANK1            00EB-00EF              5           1
        BANK2            0120-016F             50           1
        CODE             0002-0003              2           2
                         07FD-07FF              3
                         081D-09B4            198
        COMMON           007A-007D              4           1
        CONST            0002-0003              2           2
                         07FD-07FF              3
                         081D-09B4             E3
        EEDATA           2100-21FF            100           2
        ENTRY            0002-0003              2           2
                         07FD-07FF              3
                         081D-09B4             E3
        IDLOC            2000-2003              4           2
        RAM              00EB-00EF              5           1
                         0120-016F             50
        SFR0             0000-001F             20           1
        SFR1             0080-009F             20           1
        SFR2             0100-011F             20           1
        SFR3             0180-01EF             70           1
        STACK            0120-016F             50           1
        STRCODE          0002-0003              2           2
                         07FD-07FF              3
                         081D-09B4            198
        STRING           0002-0003              2           2
                         07FD-07FF              3
                         081D-09B4             E3

                                  Symbol Table

?_ADC_Read                cstackBANK0  0020
?_AVG                     cstackBANK0  002E
?___awtoft                cstackBANK0  0028
?___ftadd                 cstackBANK0  0028
?___ftdiv                 cstackBANK0  003E
?___ftmul                 cstackBANK0  002E
?___ftneg                 cstackBANK0  0020
?___ftpack                cstackBANK0  0020
?___fttol                 cstackBANK0  004E
?___lldiv                 cstackBANK0  0020
?___lwdiv                 cstackBANK0  0020
?___lwmod                 cstackBANK0  0028
?___lwtoft                cstackBANK0  0028
?___wmul                  cstackBANK0  0020
ADC_PF@ARRAY              cstackBANK1  00CD
ADC_PF@angle              cstackBANK1  00D7
ADC_PF@i                  cstackBANK1  00D9
ADC_PF@index              cstackBANK0  005C
ADC_PF@rad_angle          cstackBANK1  00DA
ADC_PF@step               cstackBANK1  00D1
ADC_PF@temp               cstackBANK1  00D4
ADC_RMS@ANC               cstackBANK0  005C
ADC_RMS@ARRAY             cstackBANK0  0067
ADC_RMS@i                 cstackBANK0  0066
ADC_RMS@index             cstackBANK0  005F
ADC_RMS@max               cstackBANK0  0068
ADC_RMS@min               cstackBANK0  006A
ADC_RMS@rate              cstackBANK0  005D
ADC_RMS@read              cstackBANK0  006C
ADC_Read@ANC              cstackBANK0  0024
AVG@ARRAY                 cstackBANK0  003D
AVG@avg                   cstackBANK0  003C
AVG@i                     cstackBANK0  003E
AVG@index                 cstackBANK0  002E
AVG@ret                   cstackBANK0  0038
Button_Press@input        cstackBANK0  0022
Button_Press@switch_state bssCOMMON    0077
Measure@in                bssBANK1     00A8
Toggle_Relay@read         bssCOMMON    0078
UART_PutC@data            cstackBANK0  0020
UART_Send@F988            dataBANK1    00E1
UART_Send@ch              cstackBANK0  0034
UART_Send@temp            cstackBANK0  0032
UART_Send@txt             cstackBANK0  0039
UART_Write@data           cstackBANK0  0021
UART_Write@i              cstackBANK0  0024
_ADCON0                   (abs)        001F
_ADCON0bits               (abs)        001F
_ADCON1                   (abs)        009F
_ADC_Init                 text28       0A13
_ADC_PF                   text11       002A
_ADC_PF$960               cstackBANK1  00CE
_ADC_RMS                  text9        0B1B
_ADC_Read                 text10       0AEB
_ADRESH                   (abs)        001E
_ADRESL                   (abs)        009E
_ANSEL                    (abs)        0091
_AVG                      text7        0DC4
_A_VALUE                  bssBANK1     00A4
_Button_Press             text29       0A79
_CHAR_STATE               bssBANK1     00A9
_CMCON0                   (abs)        0019
_CREN                     (abs)        00BC
_CURRENT_ARRAY            bssBANK1     00BD
_FREQUENCY_ARRAY          bssBANK1     00AD
_F_VALUE                  dataBANK1    00E9
_GO_DONE                  (abs)        00F9
_INTCONbits               (abs)        000B
_ISR                      text30       0C40
_Init                     text23       0A01
_Init_Setup               text27       0A59
_Measure                  text6        0663
_Measure$304              cstackBANK1  00DD
_OERR                     (abs)        00B9
_OPTION_REGbits           (abs)        0081
_PF_FLAG                  bssBANK1     00AC
_PF_SIGN                  bssBANK1     00AB
_PF_VALUE                 bssBANK1     00A2
_PIE1bits                 (abs)        008C
_PIR1bits                 (abs)        000C
_PORTC                    (abs)        0007
_POWER_FACTOR_ARRAY       bssBANK1     00B5
_RCREG                    (abs)        0014
_RCSTAbits                (abs)        0017
_SPBRG                    (abs)        0013
_Send                     text1        0EC5
_T1CONbits                (abs)        0010
_TIME_MS                  bssBANK1     00A0
_TIME_S                   bssCOMMON    0079
_TMR0                     (abs)        0001
_TMR1H                    (abs)        000F
_TMR1L                    (abs)        000E
_TRISA                    (abs)        0085
_TRISC                    (abs)        0087
_TRISCbits                (abs)        0087
_TXIF                     (abs)        0061
_TXREG                    (abs)        0015
_TXSTAbits                (abs)        0016
_Toggle_Relay             text5        09E2
_UART_GetC                text31       09B5
_UART_Init                text26       0A41
_UART_PutC                text25       09C5
_UART_Send                text2        0BFB
_UART_Write               text24       0ABF
_VOLT_ARRAY               bssBANK1     00C5
_V_VALUE                  bssBANK1     00A6
_ZERO_CROSS               bssBANK1     00AA
__CFG_BOREN$ON            (abs)        0000
__CFG_CP$OFF              (abs)        0000
__CFG_CPD$OFF             (abs)        0000
__CFG_FCMEN$ON            (abs)        0000
__CFG_FOSC$HS             (abs)        0000
__CFG_IESO$ON             (abs)        0000
__CFG_MCLRE$ON            (abs)        0000
__CFG_PWRTE$ON            (abs)        0000
__CFG_WDTE$OFF            (abs)        0000
__Habs1                   abs1         0000
__Hbank0                  bank0        0000
__Hbank1                  bank1        0000
__Hbank2                  bank2        0000
__Hbank3                  bank3        0000
__HbssBANK1               bssBANK1     0000
__HbssCOMMON              bssCOMMON    0000
__Hcinit                  cinit        002A
__Hclrtext                clrtext      0000
__Hcode                   code         0000
__Hcommon                 common       0000
__Hconfig                 config       2008
__HcstackBANK0            cstackBANK0  0000
__HcstackBANK1            cstackBANK1  0000
__HcstackCOMMON           cstackCOMMON 0000
__HdataBANK1              dataBANK1    0000
__Heeprom_data            eeprom_data  0000
__Hend_init               end_init     0013
__Hfunctab                functab      0000
__HidataBANK1             idataBANK1   0000
__Hidloc                  idloc        0000
__Hinit                   init         0011
__Hinittext               inittext     0000
__Hintentry               intentry     0011
__Hmaintext               maintext     0000
__Hpowerup                powerup      0000
__Hram                    ram          0000
__Hreset_vec              reset_vec    0002
__Hsfr0                   sfr0         0000
__Hsfr1                   sfr1         0000
__Hsfr2                   sfr2         0000
__Hsfr3                   sfr3         0000
__Hspace_0                (abs)        2008
__Hspace_1                (abs)        00EB
__Hspace_2                (abs)        0000
__Hspace_3                (abs)        0000
__Hstack                  stack        0000
__Hstrings                strings      0000
__Htext                   text         0000
__Labs1                   abs1         0000
__Lbank0                  bank0        0000
__Lbank1                  bank1        0000
__Lbank2                  bank2        0000
__Lbank3                  bank3        0000
__LbssBANK1               bssBANK1     0000
__LbssCOMMON              bssCOMMON    0000
__Lcinit                  cinit        0013
__Lclrtext                clrtext      0000
__Lcode                   code         0000
__Lcommon                 common       0000
__Lconfig                 config       2007
__LcstackBANK0            cstackBANK0  0000
__LcstackBANK1            cstackBANK1  0000
__LcstackCOMMON           cstackCOMMON 0000
__LdataBANK1              dataBANK1    0000
__Leeprom_data            eeprom_data  0000
__Lend_init               end_init     0011
__Lfunctab                functab      0000
__LidataBANK1             idataBANK1   0000
__Lidloc                  idloc        0000
__Linit                   init         0011
__Linittext               inittext     0000
__Lintentry               intentry     0004
__Lmaintext               maintext     0000
__Lpowerup                powerup      0000
__Lram                    ram          0000
__Lreset_vec              reset_vec    0000
__Lsfr0                   sfr0         0000
__Lsfr1                   sfr1         0000
__Lsfr2                   sfr2         0000
__Lsfr3                   sfr3         0000
__Lspace_0                (abs)        0000
__Lspace_1                (abs)        0000
__Lspace_2                (abs)        0000
__Lspace_3                (abs)        0000
__Lstack                  stack        0000
__Lstrings                strings      0000
__Ltext                   text         0000
__S0                      (abs)        2008
__S1                      (abs)        00EB
__S2                      (abs)        0000
__S3                      (abs)        0000
___awtoft                 text21       07D9
___awtoft@c               cstackBANK0  0028
___awtoft@sign            cstackBANK0  002D
___ftadd                  text20       0489
___ftadd@exp1             cstackBANK0  0034
___ftadd@exp2             cstackBANK0  0033
___ftadd@f1               cstackBANK0  0028
___ftadd@f2               cstackBANK0  002B
___ftadd@sign             cstackBANK0  0032
___ftdiv                  text19       0722
___ftdiv@cntr             cstackBANK0  0048
___ftdiv@exp              cstackBANK0  004C
___ftdiv@f1               cstackBANK0  0041
___ftdiv@f2               cstackBANK0  003E
___ftdiv@f3               cstackBANK0  0049
___ftdiv@sign             cstackBANK0  004D
___ftge                   text18       0C97
___ftge@ff1               cstackBANK0  0020
___ftge@ff2               cstackBANK0  0023
___ftmul                  text17       0591
___ftmul@cntr             cstackBANK0  003C
___ftmul@exp              cstackBANK0  0038
___ftmul@f1               cstackBANK0  002E
___ftmul@f2               cstackBANK0  0031
___ftmul@f3_as_product    cstackBANK0  0039
___ftmul@sign             cstackBANK0  003D
___ftneg                  text16       09CE
___ftneg@f1               cstackBANK0  0020
___ftpack                 text22       0D56
___ftpack@arg             cstackBANK0  0020
___ftpack@exp             cstackBANK0  0023
___ftpack@sign            cstackBANK0  0024
___fttol                  text15       0E37
___fttol@exp1             cstackBANK0  005B
___fttol@f1               cstackBANK0  004E
___fttol@lval             cstackBANK0  0057
___fttol@sign1            cstackBANK0  0056
___int_sp                 stack        0000
___latbits                (abs)        0001
___lldiv                  text8        0CF6
___lldiv@counter          cstackBANK0  002D
___lldiv@dividend         cstackBANK0  0024
___lldiv@divisor          cstackBANK0  0020
___lldiv@quotient         cstackBANK0  0029
___lwdiv                  text14       0BBD
___lwdiv@counter          cstackBANK0  0027
___lwdiv@dividend         cstackBANK0  0022
___lwdiv@divisor          cstackBANK0  0020
___lwdiv@quotient         cstackBANK0  0025
___lwmod                  text4        0B4C
___lwmod@counter          cstackBANK0  002D
___lwmod@dividend         cstackBANK0  002A
___lwmod@divisor          cstackBANK0  0028
___lwtoft                 text13       0A2A
___lwtoft@c               cstackBANK0  0028
___sp                     stack        0000
___wmul                   text12       0A9C
___wmul@multiplicand      cstackBANK0  0022
___wmul@multiplier        cstackBANK0  0020
___wmul@product           cstackBANK0  0024
__end_of_ADC_Init         text28       0A2A
__end_of_ADC_PF           text11       0489
__end_of_ADC_RMS          text9        0B4C
__end_of_ADC_Read         text10       0B1B
__end_of_AVG              text7        0E37
__end_of_Button_Press     text29       0A9C
__end_of_ISR              text30       0C97
__end_of_Init             text23       0A13
__end_of_Init_Setup       text27       0A79
__end_of_Measure          text6        0722
__end_of_Send             text1        0F56
__end_of_Toggle_Relay     text5        09F1
__end_of_UART_GetC        text31       09BD
__end_of_UART_Init        text26       0A59
__end_of_UART_PutC        text25       09CE
__end_of_UART_Send        text2        0C40
__end_of_UART_Write       text24       0AEB
__end_of___awtoft         text21       07FD
__end_of___ftadd          text20       0591
__end_of___ftdiv          text19       07D9
__end_of___ftge           text18       0CF6
__end_of___ftmul          text17       0663
__end_of___ftneg          text16       09D8
__end_of___ftpack         text22       0DC4
__end_of___fttol          text15       0EC5
__end_of___lldiv          text8        0D56
__end_of___lwdiv          text14       0BFB
__end_of___lwmod          text4        0B80
__end_of___lwtoft         text13       0A41
__end_of___wmul           text12       0ABF
__end_of__initialization  cinit        0027
__end_of__stringtab       strings      0810
__end_of_floatTostr       text3        1000
__end_of_main             maintext     0BBD
__initialization          cinit        0013
__pbssBANK1               bssBANK1     00A0
__pbssCOMMON              bssCOMMON    0077
__pcstackBANK0            cstackBANK0  0020
__pcstackBANK1            cstackBANK1  00CD
__pcstackCOMMON           cstackCOMMON 0070
__pdataBANK1              dataBANK1    00E1
__pidataBANK1             idataBANK1   09D8
__pintentry               intentry     0004
__pmaintext               maintext     0B80
__pstrings                strings      0800
__ptext1                  text1        0EC5
__ptext10                 text10       0AEB
__ptext11                 text11       002A
__ptext12                 text12       0A9C
__ptext13                 text13       0A2A
__ptext14                 text14       0BBD
__ptext15                 text15       0E37
__ptext16                 text16       09CE
__ptext17                 text17       0591
__ptext18                 text18       0C97
__ptext19                 text19       0722
__ptext2                  text2        0BFB
__ptext20                 text20       0489
__ptext21                 text21       07D9
__ptext22                 text22       0D56
__ptext23                 text23       0A01
__ptext24                 text24       0ABF
__ptext25                 text25       09C5
__ptext26                 text26       0A41
__ptext27                 text27       0A59
__ptext28                 text28       0A13
__ptext29                 text29       0A79
__ptext3                  text3        0F56
__ptext30                 text30       0C40
__ptext31                 text31       09B5
__ptext4                  text4        0B4C
__ptext5                  text5        09E2
__ptext6                  text6        0663
__ptext7                  text7        0DC4
__ptext8                  text8        0CF6
__ptext9                  text9        0B1B
__size_of_ADC_Init        (abs)        0000
__size_of_ADC_PF          (abs)        0000
__size_of_ADC_RMS         (abs)        0000
__size_of_ADC_Read        (abs)        0000
__size_of_AVG             (abs)        0000
__size_of_Button_Press    (abs)        0000
__size_of_ISR             (abs)        0000
__size_of_Init            (abs)        0000
__size_of_Init_Setup      (abs)        0000
__size_of_Measure         (abs)        0000
__size_of_Send            (abs)        0000
__size_of_Toggle_Relay    (abs)        0000
__size_of_UART_GetC       (abs)        0000
__size_of_UART_Init       (abs)        0000
__size_of_UART_PutC       (abs)        0000
__size_of_UART_Send       (abs)        0000
__size_of_UART_Write      (abs)        0000
__size_of___awtoft        (abs)        0000
__size_of___ftadd         (abs)        0000
__size_of___ftdiv         (abs)        0000
__size_of___ftge          (abs)        0000
__size_of___ftmul         (abs)        0000
__size_of___ftneg         (abs)        0000
__size_of___ftpack        (abs)        0000
__size_of___fttol         (abs)        0000
__size_of___lldiv         (abs)        0000
__size_of___lwdiv         (abs)        0000
__size_of___lwmod         (abs)        0000
__size_of___lwtoft        (abs)        0000
__size_of___wmul          (abs)        0000
__size_of_floatTostr      (abs)        0000
__size_of_main            (abs)        0000
__stringbase              strings      080F
__stringtab               strings      0800
_floatTostr               text3        0F56
_main                     maintext     0B80
btemp                     (abs)        007E
clear_ram0                clrtext      09BD
end_of_initialization     cinit        0027
floatTostr@num            cstackBANK0  002E
floatTostr@txt            cstackBANK0  0030
init_fetch0               inittext     09F1
init_ram0                 inittext     09F5
interrupt_function        intentry     0004
intlevel0                 functab      0000
intlevel1                 functab      0000
intlevel2                 functab      0000
intlevel3                 functab      0000
intlevel4                 functab      0000
intlevel5                 functab      0000
reset_vec                 reset_vec    0000
saved_w                   (abs)        007E
stackhi                   (abs)        0000
stacklo                   (abs)        0000
start                     init         0011
start_initialization      cinit        0013
wtemp0                    (abs)        007E


FUNCTION INFORMATION:

 *************** function _main *****************
 Defined at:
		line 27 in file "main.c"
 Parameters:    Size  Location     Type
		None
 Auto vars:     Size  Location     Type
		None
 Return value:  Size  Location     Type
                  1    wreg      void 
 Registers used:
		wreg, fsr0l, fsr0h, status,2, status,0, btemp+1, pclath, cstack
 Tracked objects:
		On entry : 
		On exit  : 
		Unchanged: 
 Data sizes:     COMMON   BANK0   BANK1   BANK2
      Params:         0       0       0       0
      Locals:         0       0       0       0
      Temps:          0       1       0       0
      Totals:         0       1       0       0
Total ram usage:        1 bytes
 Hardware stack levels required when called:    6
 This function calls:
		_Button_Press
		_Init
		_Measure
		_Send
		_UART_Write
		___lwmod
 This function is called by:
		Startup code after reset
 This function uses a non-reentrant model


 *************** function _Send *****************
 Defined at:
		line 77 in file "main.c"
 Parameters:    Size  Location     Type
		None
 Auto vars:     Size  Location     Type
  i               1    0        unsigned char 
 Return value:  Size  Location     Type
                  1    wreg      void 
 Registers used:
		wreg, fsr0l, fsr0h, status,2, status,0, btemp+1, pclath, cstack
 Tracked objects:
		On entry : 
		On exit  : 
		Unchanged: 
 Data sizes:     COMMON   BANK0   BANK1   BANK2
      Params:         0       0       0       0
      Locals:         0       0       0       0
      Temps:          0       4       0       0
      Totals:         0       4       0       0
Total ram usage:        4 bytes
 Hardware stack levels used:    1
 Hardware stack levels required when called:    5
 This function calls:
		_Toggle_Relay
		_UART_Send
 This function is called by:
		_main
 This function uses a non-reentrant model


 *************** function _UART_Send *****************
 Defined at:
		line 51 in file "uart.c"
 Parameters:    Size  Location     Type
  temp            2   18[BANK0 ] unsigned int 
  ch              1   20[BANK0 ] unsigned char 
 Auto vars:     Size  Location     Type
  txt             8   25[BANK0 ] unsigned char [8]
 Return value:  Size  Location     Type
                  1    wreg      void 
 Registers used:
		wreg, fsr0l, fsr0h, status,2, status,0, btemp+1, pclath, cstack
 Tracked objects:
		On entry : 
		On exit  : 
		Unchanged: 
 Data sizes:     COMMON   BANK0   BANK1   BANK2
      Params:         0       3       0       0
      Locals:         0       8       0       0
      Temps:          0       4       0       0
      Totals:         0      15       0       0
Total ram usage:       15 bytes
 Hardware stack levels used:    1
 Hardware stack levels required when called:    4
 This function calls:
		_UART_PutC
		_UART_Write
		_floatTostr
 This function is called by:
		_Send
 This function uses a non-reentrant model


 *************** function _floatTostr *****************
 Defined at:
		line 67 in file "uart.c"
 Parameters:    Size  Location     Type
  num             2   14[BANK0 ] unsigned int 
  txt             1   16[BANK0 ] PTR unsigned char 
		 -> UART_Send@txt(8), 
 Auto vars:     Size  Location     Type
		None
 Return value:  Size  Location     Type
                  1    wreg      void 
 Registers used:
		wreg, fsr0l, fsr0h, status,2, status,0, pclath, cstack
 Tracked objects:
		On entry : 
		On exit  : 
		Unchanged: 
 Data sizes:     COMMON   BANK0   BANK1   BANK2
      Params:         0       3       0       0
      Locals:         0       0       0       0
      Temps:          0       1       0       0
      Totals:         0       4       0       0
Total ram usage:        4 bytes
 Hardware stack levels used:    1
 Hardware stack levels required when called:    3
 This function calls:
		___lwdiv
		___lwmod
 This function is called by:
		_UART_Send
 This function uses a non-reentrant model


 *************** function ___lwmod *****************
 Defined at:
		line 6 in file "C:\Program Files (x86)\Microchip\xc8\v1.41\sources\common\lwmod.c"
 Parameters:    Size  Location     Type
  divisor         2    8[BANK0 ] unsigned int 
  dividend        2   10[BANK0 ] unsigned int 
 Auto vars:     Size  Location     Type
  counter         1   13[BANK0 ] unsigned char 
 Return value:  Size  Location     Type
                  2    8[BANK0 ] unsigned int 
 Registers used:
		wreg, status,2, status,0
 Tracked objects:
		On entry : 
		On exit  : 
		Unchanged: 
 Data sizes:     COMMON   BANK0   BANK1   BANK2
      Params:         0       4       0       0
      Locals:         0       1       0       0
      Temps:          0       1       0       0
      Totals:         0       6       0       0
Total ram usage:        6 bytes
 Hardware stack levels used:    1
 Hardware stack levels required when called:    2
 This function calls:
		Nothing
 This function is called by:
		_main
		_floatTostr
 This function uses a non-reentrant model


 *************** function _Toggle_Relay *****************
 Defined at:
		line 44 in file "setup.c"
 Parameters:    Size  Location     Type
		None
 Auto vars:     Size  Location     Type
		None
 Return value:  Size  Location     Type
                  1    wreg      void 
 Registers used:
		wreg, status,2, status,0
 Tracked objects:
		On entry : 
		On exit  : 
		Unchanged: 
 Data sizes:     COMMON   BANK0   BANK1   BANK2
      Params:         0       0       0       0
      Locals:         0       0       0       0
      Temps:          0       1       0       0
      Totals:         0       1       0       0
Total ram usage:        1 bytes
 Hardware stack levels used:    1
 Hardware stack levels required when called:    2
 This function calls:
		Nothing
 This function is called by:
		_Send
 This function uses a non-reentrant model


 *************** function _Measure *****************
 Defined at:
		line 97 in file "main.c"
 Parameters:    Size  Location     Type
		None
 Auto vars:     Size  Location     Type
		None
 Return value:  Size  Location     Type
                  1    wreg      void 
 Registers used:
		wreg, fsr0l, fsr0h, status,2, status,0, btemp+1, pclath, cstack
 Tracked objects:
		On entry : 
		On exit  : 
		Unchanged: 
 Data sizes:     COMMON   BANK0   BANK1   BANK2
      Params:         0       0       0       0
      Locals:         0       0       4       0
      Temps:          0       1       0       0
      Totals:         0       1       4       0
Total ram usage:        5 bytes
 Hardware stack levels used:    1
 Hardware stack levels required when called:    5
 This function calls:
		_ADC_PF
		_ADC_RMS
		_AVG
		_UART_Write
 This function is called by:
		_main
 This function uses a non-reentrant model


 *************** function _AVG *****************
 Defined at:
		line 115 in file "adc.c"
 Parameters:    Size  Location     Type
  ARRAY           1    wreg     PTR unsigned int 
		 -> POWER_FACTOR_ARRAY(8), CURRENT_ARRAY(8), VOLT_ARRAY(8), FREQUENCY_ARRAY(8), 
  index           1   14[BANK0 ] const unsigned char 
 Auto vars:     Size  Location     Type
  ARRAY           1   29[BANK0 ] PTR unsigned int 
		 -> POWER_FACTOR_ARRAY(8), CURRENT_ARRAY(8), VOLT_ARRAY(8), FREQUENCY_ARRAY(8), 
  ret             4   24[BANK0 ] unsigned long 
  i               1   30[BANK0 ] unsigned char 
  avg             1   28[BANK0 ] unsigned char 
 Return value:  Size  Location     Type
                  2   14[BANK0 ] unsigned int 
 Registers used:
		wreg, fsr0l, fsr0h, status,2, status,0, pclath, cstack
 Tracked objects:
		On entry : 
		On exit  : 
		Unchanged: 
 Data sizes:     COMMON   BANK0   BANK1   BANK2
      Params:         0       2       0       0
      Locals:         0       7       0       0
      Temps:          0       8       0       0
      Totals:         0      17       0       0
Total ram usage:       17 bytes
 Hardware stack levels used:    1
 Hardware stack levels required when called:    3
 This function calls:
		___lldiv
 This function is called by:
		_Measure
 This function uses a non-reentrant model


 *************** function ___lldiv *****************
 Defined at:
		line 6 in file "C:\Program Files (x86)\Microchip\xc8\v1.41\sources\common\lldiv.c"
 Parameters:    Size  Location     Type
  divisor         4    0[BANK0 ] unsigned long 
  dividend        4    4[BANK0 ] unsigned long 
 Auto vars:     Size  Location     Type
  quotient        4    9[BANK0 ] unsigned long 
  counter         1   13[BANK0 ] unsigned char 
 Return value:  Size  Location     Type
                  4    0[BANK0 ] unsigned long 
 Registers used:
		wreg, status,2, status,0
 Tracked objects:
		On entry : 
		On exit  : 
		Unchanged: 
 Data sizes:     COMMON   BANK0   BANK1   BANK2
      Params:         0       8       0       0
      Locals:         0       5       0       0
      Temps:          0       1       0       0
      Totals:         0      14       0       0
Total ram usage:       14 bytes
 Hardware stack levels used:    1
 Hardware stack levels required when called:    2
 This function calls:
		Nothing
 This function is called by:
		_AVG
 This function uses a non-reentrant model


 *************** function _ADC_RMS *****************
 Defined at:
		line 28 in file "adc.c"
 Parameters:    Size  Location     Type
  ARRAY           1    wreg     PTR unsigned int 
		 -> CURRENT_ARRAY(8), VOLT_ARRAY(8), 
  ANC             1   60[BANK0 ] unsigned char 
  rate            2   61[BANK0 ] unsigned int 
  index           1   63[BANK0 ] const unsigned char 
 Auto vars:     Size  Location     Type
  ARRAY           1   71[BANK0 ] PTR unsigned int 
		 -> CURRENT_ARRAY(8), VOLT_ARRAY(8), 
  read            2   76[BANK0 ] unsigned int 
  min             2   74[BANK0 ] unsigned int 
  max             2   72[BANK0 ] unsigned int 
  i               1   70[BANK0 ] unsigned char 
 Return value:  Size  Location     Type
                  1    wreg      void 
 Registers used:
		wreg, fsr0l, fsr0h, status,2, status,0, pclath, cstack
 Tracked objects:
		On entry : 
		On exit  : 
		Unchanged: 
 Data sizes:     COMMON   BANK0   BANK1   BANK2
      Params:         0       4       0       0
      Locals:         0       8       0       0
      Temps:          0       6       0       0
      Totals:         0      18       0       0
Total ram usage:       18 bytes
 Hardware stack levels used:    1
 Hardware stack levels required when called:    4
 This function calls:
		_ADC_Read
		___ftdiv
		___ftmul
		___fttol
		___lwtoft
 This function is called by:
		_Measure
 This function uses a non-reentrant model


 *************** function _ADC_Read *****************
 Defined at:
		line 17 in file "adc.c"
 Parameters:    Size  Location     Type
  ANC             1    wreg     unsigned char 
 Auto vars:     Size  Location     Type
  ANC             1    4[BANK0 ] unsigned char 
 Return value:  Size  Location     Type
                  2    0[BANK0 ] unsigned int 
 Registers used:
		wreg, status,2, status,0
 Tracked objects:
		On entry : 
		On exit  : 
		Unchanged: 
 Data sizes:     COMMON   BANK0   BANK1   BANK2
      Params:         0       2       0       0
      Locals:         0       1       0       0
      Temps:          0       2       0       0
      Totals:         0       5       0       0
Total ram usage:        5 bytes
 Hardware stack levels used:    1
 Hardware stack levels required when called:    2
 This function calls:
		Nothing
 This function is called by:
		_ADC_RMS
 This function uses a non-reentrant model


 *************** function _ADC_PF *****************
 Defined at:
		line 42 in file "adc.c"
 Parameters:    Size  Location     Type
  ARRAY           1    wreg     PTR unsigned int 
		 -> POWER_FACTOR_ARRAY(8), 
  index           1   60[BANK0 ] const unsigned char 
 Auto vars:     Size  Location     Type
  ARRAY           1    0[BANK1 ] PTR unsigned int 
		 -> POWER_FACTOR_ARRAY(8), 
  rad_angle       3   13[BANK1 ] float 
  temp            3    7[BANK1 ] float 
  step            3    4[BANK1 ] float 
  angle           2   10[BANK1 ] unsigned int 
  i               1   12[BANK1 ] unsigned char 
 Return value:  Size  Location     Type
                  1    wreg      void 
 Registers used:
		wreg, fsr0l, fsr0h, status,2, status,0, btemp+1, pclath, cstack
 Tracked objects:
		On entry : 
		On exit  : 
		Unchanged: 
 Data sizes:     COMMON   BANK0   BANK1   BANK2
      Params:         0       1       0       0
      Locals:         0       0      16       0
      Temps:          0       4       0       0
      Totals:         0       5      16       0
Total ram usage:       21 bytes
 Hardware stack levels used:    1
 Hardware stack levels required when called:    4
 This function calls:
		___awtoft
		___ftadd
		___ftdiv
		___ftge
		___ftmul
		___ftneg
		___fttol
		___lwdiv
		___lwtoft
		___wmul
 This function is called by:
		_Measure
 This function uses a non-reentrant model


 *************** function ___wmul *****************
 Defined at:
		line 15 in file "C:\Program Files (x86)\Microchip\xc8\v1.41\sources\common\Umul16.c"
 Parameters:    Size  Location     Type
  multiplier      2    0[BANK0 ] unsigned int 
  multiplicand    2    2[BANK0 ] unsigned int 
 Auto vars:     Size  Location     Type
  product         2    4[BANK0 ] unsigned int 
 Return value:  Size  Location     Type
                  2    0[BANK0 ] unsigned int 
 Registers used:
		wreg, status,2, status,0
 Tracked objects:
		On entry : 
		On exit  : 
		Unchanged: 
 Data sizes:     COMMON   BANK0   BANK1   BANK2
      Params:         0       4       0       0
      Locals:         0       2       0       0
      Temps:          0       0       0       0
      Totals:         0       6       0       0
Total ram usage:        6 bytes
 Hardware stack levels used:    1
 Hardware stack levels required when called:    2
 This function calls:
		Nothing
 This function is called by:
		_ADC_PF
 This function uses a non-reentrant model


 *************** function ___lwtoft *****************
 Defined at:
		line 28 in file "C:\Program Files (x86)\Microchip\xc8\v1.41\sources\common\lwtoft.c"
 Parameters:    Size  Location     Type
  c               2    8[BANK0 ] unsigned int 
 Auto vars:     Size  Location     Type
		None
 Return value:  Size  Location     Type
                  3    8[BANK0 ] float 
 Registers used:
		wreg, status,2, status,0, pclath, cstack
 Tracked objects:
		On entry : 
		On exit  : 
		Unchanged: 
 Data sizes:     COMMON   BANK0   BANK1   BANK2
      Params:         0       3       0       0
      Locals:         0       0       0       0
      Temps:          0       1       0       0
      Totals:         0       4       0       0
Total ram usage:        4 bytes
 Hardware stack levels used:    1
 Hardware stack levels required when called:    3
 This function calls:
		___ftpack
 This function is called by:
		_ADC_RMS
		_ADC_PF
 This function uses a non-reentrant model


 *************** function ___lwdiv *****************
 Defined at:
		line 6 in file "C:\Program Files (x86)\Microchip\xc8\v1.41\sources\common\lwdiv.c"
 Parameters:    Size  Location     Type
  divisor         2    0[BANK0 ] unsigned int 
  dividend        2    2[BANK0 ] unsigned int 
 Auto vars:     Size  Location     Type
  quotient        2    5[BANK0 ] unsigned int 
  counter         1    7[BANK0 ] unsigned char 
 Return value:  Size  Location     Type
                  2    0[BANK0 ] unsigned int 
 Registers used:
		wreg, status,2, status,0
 Tracked objects:
		On entry : 
		On exit  : 
		Unchanged: 
 Data sizes:     COMMON   BANK0   BANK1   BANK2
      Params:         0       4       0       0
      Locals:         0       3       0       0
      Temps:          0       1       0       0
      Totals:         0       8       0       0
Total ram usage:        8 bytes
 Hardware stack levels used:    1
 Hardware stack levels required when called:    2
 This function calls:
		Nothing
 This function is called by:
		_ADC_PF
		_floatTostr
 This function uses a non-reentrant model


 *************** function ___fttol *****************
 Defined at:
		line 44 in file "C:\Program Files (x86)\Microchip\xc8\v1.41\sources\common\fttol.c"
 Parameters:    Size  Location     Type
  f1              3   46[BANK0 ] float 
 Auto vars:     Size  Location     Type
  lval            4   55[BANK0 ] unsigned long 
  exp1            1   59[BANK0 ] unsigned char 
  sign1           1   54[BANK0 ] unsigned char 
 Return value:  Size  Location     Type
                  4   46[BANK0 ] long 
 Registers used:
		wreg, status,2, status,0
 Tracked objects:
		On entry : 
		On exit  : 
		Unchanged: 
 Data sizes:     COMMON   BANK0   BANK1   BANK2
      Params:         0       4       0       0
      Locals:         0       6       0       0
      Temps:          0       4       0       0
      Totals:         0      14       0       0
Total ram usage:       14 bytes
 Hardware stack levels used:    1
 Hardware stack levels required when called:    2
 This function calls:
		Nothing
 This function is called by:
		_ADC_RMS
		_ADC_PF
 This function uses a non-reentrant model


 *************** function ___ftneg *****************
 Defined at:
		line 15 in file "C:\Program Files (x86)\Microchip\xc8\v1.41\sources\common\ftneg.c"
 Parameters:    Size  Location     Type
  f1              3    0[BANK0 ] float 
 Auto vars:     Size  Location     Type
		None
 Return value:  Size  Location     Type
                  3    0[BANK0 ] float 
 Registers used:
		wreg
 Tracked objects:
		On entry : 
		On exit  : 
		Unchanged: 
 Data sizes:     COMMON   BANK0   BANK1   BANK2
      Params:         0       3       0       0
      Locals:         0       0       0       0
      Temps:          0       0       0       0
      Totals:         0       3       0       0
Total ram usage:        3 bytes
 Hardware stack levels used:    1
 Hardware stack levels required when called:    2
 This function calls:
		Nothing
 This function is called by:
		_ADC_PF
 This function uses a non-reentrant model


 *************** function ___ftmul *****************
 Defined at:
		line 62 in file "C:\Program Files (x86)\Microchip\xc8\v1.41\sources\common\ftmul.c"
 Parameters:    Size  Location     Type
  f1              3   14[BANK0 ] float 
  f2              3   17[BANK0 ] float 
 Auto vars:     Size  Location     Type
  f3_as_produc    3   25[BANK0 ] unsigned um
  sign            1   29[BANK0 ] unsigned char 
  cntr            1   28[BANK0 ] unsigned char 
  exp             1   24[BANK0 ] unsigned char 
 Return value:  Size  Location     Type
                  3   14[BANK0 ] float 
 Registers used:
		wreg, status,2, status,0, pclath, cstack
 Tracked objects:
		On entry : 
		On exit  : 
		Unchanged: 
 Data sizes:     COMMON   BANK0   BANK1   BANK2
      Params:         0       6       0       0
      Locals:         0       6       0       0
      Temps:          0       4       0       0
      Totals:         0      16       0       0
Total ram usage:       16 bytes
 Hardware stack levels used:    1
 Hardware stack levels required when called:    3
 This function calls:
		___ftpack
 This function is called by:
		_ADC_RMS
		_ADC_PF
 This function uses a non-reentrant model


 *************** function ___ftge *****************
 Defined at:
		line 4 in file "C:\Program Files (x86)\Microchip\xc8\v1.41\sources\common\ftge.c"
 Parameters:    Size  Location     Type
  ff1             3    0[BANK0 ] float 
  ff2             3    3[BANK0 ] float 
 Auto vars:     Size  Location     Type
		None
 Return value:  Size  Location     Type
		None               void
 Registers used:
		wreg, status,2, status,0
 Tracked objects:
		On entry : 
		On exit  : 
		Unchanged: 
 Data sizes:     COMMON   BANK0   BANK1   BANK2
      Params:         0       6       0       0
      Locals:         0       0       0       0
      Temps:          0       6       0       0
      Totals:         0      12       0       0
Total ram usage:       12 bytes
 Hardware stack levels used:    1
 Hardware stack levels required when called:    2
 This function calls:
		Nothing
 This function is called by:
		_ADC_PF
 This function uses a non-reentrant model


 *************** function ___ftdiv *****************
 Defined at:
		line 56 in file "C:\Program Files (x86)\Microchip\xc8\v1.41\sources\common\ftdiv.c"
 Parameters:    Size  Location     Type
  f2              3   30[BANK0 ] float 
  f1              3   33[BANK0 ] float 
 Auto vars:     Size  Location     Type
  f3              3   41[BANK0 ] float 
  sign            1   45[BANK0 ] unsigned char 
  exp             1   44[BANK0 ] unsigned char 
  cntr            1   40[BANK0 ] unsigned char 
 Return value:  Size  Location     Type
                  3   30[BANK0 ] float 
 Registers used:
		wreg, status,2, status,0, pclath, cstack
 Tracked objects:
		On entry : 
		On exit  : 
		Unchanged: 
 Data sizes:     COMMON   BANK0   BANK1   BANK2
      Params:         0       6       0       0
      Locals:         0       6       0       0
      Temps:          0       4       0       0
      Totals:         0      16       0       0
Total ram usage:       16 bytes
 Hardware stack levels used:    1
 Hardware stack levels required when called:    3
 This function calls:
		___ftpack
 This function is called by:
		_ADC_RMS
		_ADC_PF
 This function uses a non-reentrant model


 *************** function ___ftadd *****************
 Defined at:
		line 86 in file "C:\Program Files (x86)\Microchip\xc8\v1.41\sources\common\ftadd.c"
 Parameters:    Size  Location     Type
  f1              3    8[BANK0 ] float 
  f2              3   11[BANK0 ] float 
 Auto vars:     Size  Location     Type
  exp1            1   20[BANK0 ] unsigned char 
  exp2            1   19[BANK0 ] unsigned char 
  sign            1   18[BANK0 ] unsigned char 
 Return value:  Size  Location     Type
                  3    8[BANK0 ] float 
 Registers used:
		wreg, status,2, status,0, pclath, cstack
 Tracked objects:
		On entry : 
		On exit  : 
		Unchanged: 
 Data sizes:     COMMON   BANK0   BANK1   BANK2
      Params:         0       6       0       0
      Locals:         0       3       0       0
      Temps:          0       4       0       0
      Totals:         0      13       0       0
Total ram usage:       13 bytes
 Hardware stack levels used:    1
 Hardware stack levels required when called:    3
 This function calls:
		___ftpack
 This function is called by:
		_ADC_PF
 This function uses a non-reentrant model


 *************** function ___awtoft *****************
 Defined at:
		line 32 in file "C:\Program Files (x86)\Microchip\xc8\v1.41\sources\common\awtoft.c"
 Parameters:    Size  Location     Type
  c               2    8[BANK0 ] int 
 Auto vars:     Size  Location     Type
  sign            1   13[BANK0 ] unsigned char 
 Return value:  Size  Location     Type
                  3    8[BANK0 ] float 
 Registers used:
		wreg, status,2, status,0, pclath, cstack
 Tracked objects:
		On entry : 
		On exit  : 
		Unchanged: 
 Data sizes:     COMMON   BANK0   BANK1   BANK2
      Params:         0       3       0       0
      Locals:         0       1       0       0
      Temps:          0       2       0       0
      Totals:         0       6       0       0
Total ram usage:        6 bytes
 Hardware stack levels used:    1
 Hardware stack levels required when called:    3
 This function calls:
		___ftpack
 This function is called by:
		_ADC_PF
 This function uses a non-reentrant model


 *************** function ___ftpack *****************
 Defined at:
		line 62 in file "C:\Program Files (x86)\Microchip\xc8\v1.41\sources\common\float.c"
 Parameters:    Size  Location     Type
  arg             3    0[BANK0 ] unsigned um
  exp             1    3[BANK0 ] unsigned char 
  sign            1    4[BANK0 ] unsigned char 
 Auto vars:     Size  Location     Type
		None
 Return value:  Size  Location     Type
                  3    0[BANK0 ] float 
 Registers used:
		wreg, status,2, status,0
 Tracked objects:
		On entry : 
		On exit  : 
		Unchanged: 
 Data sizes:     COMMON   BANK0   BANK1   BANK2
      Params:         0       5       0       0
      Locals:         0       0       0       0
      Temps:          0       3       0       0
      Totals:         0       8       0       0
Total ram usage:        8 bytes
 Hardware stack levels used:    1
 Hardware stack levels required when called:    2
 This function calls:
		Nothing
 This function is called by:
		___awtoft
		___ftadd
		___ftdiv
		___ftmul
		___lwtoft
 This function uses a non-reentrant model


 *************** function _Init *****************
 Defined at:
		line 69 in file "main.c"
 Parameters:    Size  Location     Type
		None
 Auto vars:     Size  Location     Type
		None
 Return value:  Size  Location     Type
                  1    wreg      void 
 Registers used:
		wreg, fsr0l, fsr0h, status,2, status,0, btemp+1, pclath, cstack
 Tracked objects:
		On entry : 
		On exit  : 
		Unchanged: 
 Data sizes:     COMMON   BANK0   BANK1   BANK2
      Params:         0       0       0       0
      Locals:         0       0       0       0
      Temps:          0       0       0       0
      Totals:         0       0       0       0
Total ram usage:        0 bytes
 Hardware stack levels used:    1
 Hardware stack levels required when called:    4
 This function calls:
		_ADC_Init
		_Init_Setup
		_UART_Init
		_UART_Write
 This function is called by:
		_main
 This function uses a non-reentrant model


 *************** function _UART_Write *****************
 Defined at:
		line 42 in file "uart.c"
 Parameters:    Size  Location     Type
  data            2    1[BANK0 ] PTR const unsigned char 
		 -> UART_Send@txt(8), STR_3(13), STR_2(13), STR_1(13), 
 Auto vars:     Size  Location     Type
  i               1    4[BANK0 ] unsigned char 
 Return value:  Size  Location     Type
                  1    wreg      void 
 Registers used:
		wreg, fsr0l, fsr0h, status,2, status,0, btemp+1, pclath, cstack
 Tracked objects:
		On entry : 
		On exit  : 
		Unchanged: 
 Data sizes:     COMMON   BANK0   BANK1   BANK2
      Params:         0       2       0       0
      Locals:         0       1       0       0
      Temps:          0       1       0       0
      Totals:         0       4       0       0
Total ram usage:        4 bytes
 Hardware stack levels used:    1
 Hardware stack levels required when called:    3
 This function calls:
		_UART_PutC
 This function is called by:
		_main
		_Init
		_Measure
		_UART_Send
 This function uses a non-reentrant model


 *************** function _UART_PutC *****************
 Defined at:
		line 35 in file "uart.c"
 Parameters:    Size  Location     Type
  data            1    wreg     const unsigned char 
 Auto vars:     Size  Location     Type
  data            1    0[BANK0 ] const unsigned char 
 Return value:  Size  Location     Type
                  1    wreg      void 
 Registers used:
		wreg
 Tracked objects:
		On entry : 
		On exit  : 
		Unchanged: 
 Data sizes:     COMMON   BANK0   BANK1   BANK2
      Params:         0       0       0       0
      Locals:         0       1       0       0
      Temps:          0       0       0       0
      Totals:         0       1       0       0
Total ram usage:        1 bytes
 Hardware stack levels used:    1
 Hardware stack levels required when called:    2
 This function calls:
		Nothing
 This function is called by:
		_UART_Write
		_UART_Send
 This function uses a non-reentrant model


 *************** function _UART_Init *****************
 Defined at:
		line 7 in file "uart.c"
 Parameters:    Size  Location     Type
		None
 Auto vars:     Size  Location     Type
		None
 Return value:  Size  Location     Type
                  1    wreg      void 
 Registers used:
		wreg
 Tracked objects:
		On entry : 
		On exit  : 
		Unchanged: 
 Data sizes:     COMMON   BANK0   BANK1   BANK2
      Params:         0       0       0       0
      Locals:         0       0       0       0
      Temps:          0       0       0       0
      Totals:         0       0       0       0
Total ram usage:        0 bytes
 Hardware stack levels used:    1
 Hardware stack levels required when called:    2
 This function calls:
		Nothing
 This function is called by:
		_Init
 This function uses a non-reentrant model


 *************** function _Init_Setup *****************
 Defined at:
		line 7 in file "setup.c"
 Parameters:    Size  Location     Type
		None
 Auto vars:     Size  Location     Type
		None
 Return value:  Size  Location     Type
                  1    wreg      void 
 Registers used:
		wreg
 Tracked objects:
		On entry : 
		On exit  : 
		Unchanged: 
 Data sizes:     COMMON   BANK0   BANK1   BANK2
      Params:         0       0       0       0
      Locals:         0       0       0       0
      Temps:          0       0       0       0
      Totals:         0       0       0       0
Total ram usage:        0 bytes
 Hardware stack levels used:    1
 Hardware stack levels required when called:    2
 This function calls:
		Nothing
 This function is called by:
		_Init
 This function uses a non-reentrant model


 *************** function _ADC_Init *****************
 Defined at:
		line 7 in file "adc.c"
 Parameters:    Size  Location     Type
		None
 Auto vars:     Size  Location     Type
		None
 Return value:  Size  Location     Type
                  1    wreg      void 
 Registers used:
		wreg, status,2
 Tracked objects:
		On entry : 
		On exit  : 
		Unchanged: 
 Data sizes:     COMMON   BANK0   BANK1   BANK2
      Params:         0       0       0       0
      Locals:         0       0       0       0
      Temps:          0       0       0       0
      Totals:         0       0       0       0
Total ram usage:        0 bytes
 Hardware stack levels used:    1
 Hardware stack levels required when called:    2
 This function calls:
		Nothing
 This function is called by:
		_Init
 This function uses a non-reentrant model


 *************** function _Button_Press *****************
 Defined at:
		line 52 in file "setup.c"
 Parameters:    Size  Location     Type
		None
 Auto vars:     Size  Location     Type
  input           1    2[BANK0 ] unsigned char 
 Return value:  Size  Location     Type
                  1    wreg      unsigned char 
 Registers used:
		wreg, status,2, status,0
 Tracked objects:
		On entry : 
		On exit  : 
		Unchanged: 
 Data sizes:     COMMON   BANK0   BANK1   BANK2
      Params:         0       0       0       0
      Locals:         0       1       0       0
      Temps:          0       2       0       0
      Totals:         0       3       0       0
Total ram usage:        3 bytes
 Hardware stack levels used:    1
 Hardware stack levels required when called:    2
 This function calls:
		Nothing
 This function is called by:
		_main
 This function uses a non-reentrant model


 *************** function _ISR *****************
 Defined at:
		line 41 in file "main.c"
 Parameters:    Size  Location     Type
		None
 Auto vars:     Size  Location     Type
		None
 Return value:  Size  Location     Type
                  1    wreg      void 
 Registers used:
		wreg, fsr0l, fsr0h, status,2, status,0, pclath, cstack
 Tracked objects:
		On entry : 
		On exit  : 
		Unchanged: 
 Data sizes:     COMMON   BANK0   BANK1   BANK2
      Params:         0       0       0       0
      Locals:         0       0       0       0
      Temps:          7       0       0       0
      Totals:         7       0       0       0
Total ram usage:        7 bytes
 Hardware stack levels used:    1
 Hardware stack levels required when called:    1
 This function calls:
		_UART_GetC
 This function is called by:
		Interrupt level 1
 This function uses a non-reentrant model


 *************** function _UART_GetC *****************
 Defined at:
		line 26 in file "uart.c"
 Parameters:    Size  Location     Type
		None
 Auto vars:     Size  Location     Type
		None
 Return value:  Size  Location     Type
                  1    wreg      unsigned char 
 Registers used:
		wreg
 Tracked objects:
		On entry : 
		On exit  : 
		Unchanged: 
 Data sizes:     COMMON   BANK0   BANK1   BANK2
      Params:         0       0       0       0
      Locals:         0       0       0       0
      Temps:          0       0       0       0
      Totals:         0       0       0       0
Total ram usage:        0 bytes
 Hardware stack levels used:    1
 This function calls:
		Nothing
 This function is called by:
		_ISR
 This function uses a non-reentrant model



MODULE INFORMATION

Module		Function		Class		Link	Load	Size
C:\Program Files (x86)\Microchip\xc8\v1.41\sources\common\lwdiv.c
		___lwdiv       		CODE           	0BBD	0000	63

C:\Program Files (x86)\Microchip\xc8\v1.41\sources\common\lwdiv.c estimated size: 63

C:\Program Files (x86)\Microchip\xc8\v1.41\sources\common\lldiv.c
		___lldiv       		CODE           	0CF6	0000	97

C:\Program Files (x86)\Microchip\xc8\v1.41\sources\common\lldiv.c estimated size: 97

uart.c
		_UART_Init     		CODE           	0A41	0000	25
		_UART_GetC     		CODE           	09B5	0000	9
		_UART_PutC     		CODE           	09C5	0000	10
		_UART_Send     		CODE           	0BFB	0000	70
		_floatTostr    		CODE           	0F56	0000	171
		_UART_Write    		CODE           	0ABF	0000	45

uart.c estimated size: 330

C:\Program Files (x86)\Microchip\xc8\v1.41\sources\common\fttol.c
		___fttol       		CODE           	0E37	0000	143

C:\Program Files (x86)\Microchip\xc8\v1.41\sources\common\fttol.c estimated size: 143

C:\Program Files (x86)\Microchip\xc8\v1.41\sources\common\Umul16.c
		___wmul        		CODE           	0A9C	0000	36

C:\Program Files (x86)\Microchip\xc8\v1.41\sources\common\Umul16.c estimated size: 36

C:\Program Files (x86)\Microchip\xc8\v1.41\sources\common\ftadd.c
		___ftadd       		CODE           	0489	0000	265

C:\Program Files (x86)\Microchip\xc8\v1.41\sources\common\ftadd.c estimated size: 265

C:\Program Files (x86)\Microchip\xc8\v1.41\sources\common\ftge.c
		___ftge        		CODE           	0C97	0000	96

C:\Program Files (x86)\Microchip\xc8\v1.41\sources\common\ftge.c estimated size: 96

adc.c
		_ADC_PF        		CODE           	002A	0000	1120
		_AVG           		CODE           	0DC4	0000	116
		_ADC_Read      		CODE           	0AEB	0000	49
		_ADC_Init      		CODE           	0A13	0000	24
		_ADC_RMS       		CODE           	0B1B	0000	50

adc.c estimated size: 1359

C:\Program Files (x86)\Microchip\xc8\v1.41\sources\common\ftneg.c
		___ftneg       		CODE           	09CE	0000	11

C:\Program Files (x86)\Microchip\xc8\v1.41\sources\common\ftneg.c estimated size: 11

C:\Program Files (x86)\Microchip\xc8\v1.41\sources\common\float.c
		___ftpack      		CODE           	0D56	0000	111

C:\Program Files (x86)\Microchip\xc8\v1.41\sources\common\float.c estimated size: 111

shared
		__stringtab    		STRING         	0800	0000	17
		__initialization		CODE           	0013	0000	21

shared estimated size: 38

C:\Program Files (x86)\Microchip\xc8\v1.41\sources\common\lwmod.c
		___lwmod       		CODE           	0B4C	0000	53

C:\Program Files (x86)\Microchip\xc8\v1.41\sources\common\lwmod.c estimated size: 53

C:\Program Files (x86)\Microchip\xc8\v1.41\sources\common\awtoft.c
		___awtoft      		CODE           	07D9	0000	37

C:\Program Files (x86)\Microchip\xc8\v1.41\sources\common\awtoft.c estimated size: 37

setup.c
		_Init_Setup    		CODE           	0A59	0000	33
		_Toggle_Relay  		CODE           	09E2	0000	16
		_Button_Press  		CODE           	0A79	0000	36

setup.c estimated size: 85

C:\Program Files (x86)\Microchip\xc8\v1.41\sources\common\ftmul.c
		___ftmul       		CODE           	0591	0000	211

C:\Program Files (x86)\Microchip\xc8\v1.41\sources\common\ftmul.c estimated size: 211

C:\Program Files (x86)\Microchip\xc8\v1.41\sources\common\lwtoft.c
		___lwtoft      		CODE           	0A2A	0000	24

C:\Program Files (x86)\Microchip\xc8\v1.41\sources\common\lwtoft.c estimated size: 24

main.c
		_ISR           		CODE           	0C40	0000	88
		_main          		CODE           	0B80	0000	62
		_Send          		CODE           	0EC5	0000	146
		_Init          		CODE           	0A01	0000	19
		_Measure       		CODE           	0663	0000	192

main.c estimated size: 507

C:\Program Files (x86)\Microchip\xc8\v1.41\sources\common\ftdiv.c
		___ftdiv       		CODE           	0722	0000	184

C:\Program Files (x86)\Microchip\xc8\v1.41\sources\common\ftdiv.c estimated size: 184

