Microchip MPLAB XC8 Compiler V1.41 ()

Linker command line:

-W-3 --edf=C:\Program Files (x86)\Microchip\xc8\v1.41\dat\en_msgs.txt -cs \
  -h+dist/default/production\Smart_07_05_2021.X.production.sym \
  --cmf=dist/default/production\Smart_07_05_2021.X.production.cmf -z \
  -Q16F688 -oC:\Users\MAAM\AppData\Local\Temp\s9q4.2 \
  -Mdist/default/production/Smart_07_05_2021.X.production.map -E1 -ver=XC8 \
  -ASTACK=0120h-016fh -pstack=STACK -ACODE=00h-07FFhx2 -ASTRCODE=00h-0FFFh \
  -ASTRING=00h-0FFhx16 -ACONST=00h-0FFhx16 -AENTRY=00h-0FFhx16 \
  -ACOMMON=070h-07Fh -ABANK0=020h-06Fh -ABANK1=0A0h-0EFh \
  -ABANK2=0120h-016Fh -ARAM=020h-06Fh,0A0h-0EFh,0120h-016Fh \
  -AABS1=020h-07Fh,0A0h-0EFh,0120h-016Fh -ASFR0=00h-01Fh -ASFR1=080h-09Fh \
  -ASFR2=0100h-011Fh -ASFR3=0180h-01EFh \
  -preset_vec=00h,intentry=04h,init,end_init -ppowerup=CODE -pcinit=CODE \
  -pfunctab=CODE -ACONFIG=02007h-02007h -pconfig=CONFIG -DCONFIG=2 \
  -AIDLOC=02000h-02003h -pidloc=IDLOC -DIDLOC=2 -AEEDATA=00h-0FFh/02100h \
  -peeprom_data=EEDATA -DEEDATA=2 -DCODE=2 -DSTRCODE=2 -DSTRING=2 -DCONST=2 \
  -DENTRY=2 -k C:\Users\MAAM\AppData\Local\Temp\s9q4.obj \
  dist/default/production\Smart_07_05_2021.X.production.obj 

Object code version is 3.11

Machine type is 16F688



                Name                               Link     Load   Length Selector   Space Scale
C:\Users\MAAM\AppData\Local\Temp\s9q4.obj
                end_init                             11       11        2        8       0
                reset_vec                             0        0        2        0       0
                config                             2007     2007        1     400E       0
dist/default/production\Smart_07_05_2021.X.production.obj
                cinit                                13       13       19        8       0
                intentry                              4        4        D        8       0
                text29                              915      915        8     122A       0
                text28                              BA4      BA4       46     1748       0
                text27                              A38      A38       2B     1470       0
                text26                              96E      96E       17     12DC       0
                text25                              9D1      9D1       20     13A2       0
                text24                              99C      99C       18     1338       0
                text23                              925      925        9     124A       0
                text22                              A63      A63       2C     14C6       0
                text21                              948      948       12     1290       0
                text20                              BEA      BEA       6E     17D4       0
                text19                              A14      A14       24     1428       0
                text18                              504      504      108        8       0
                text17                              F49      F49       B7     1E92       0
                text16                              70F      70F       D2        8       0
                text15                              CD3      CD3       8E     19A6       0
                text14                              B21      B21       3E     1642       0
                text13                              985      985       17     130A       0
                text12                              9F1      9F1       23     13E2       0
                text11                               2C       2C      4D8        8       0
                text10                              ABD      ABD       30     157A       0
                text9                               D61      D61       96     1AC2       0
                text8                               9B4      9B4       1D     1368       0
                text7                               C58      C58       7B     18B0       0
                text6                               DF7      DF7       A8     1BEE       0
                text5                               95A      95A       14     12B4       0
                text4                               AED      AED       34     15DA       0
                text3                               E9F      E9F       AA     1D3E       0
                text2                               B5F      B5F       45     16BE       0
                text1                               60C      60C      103        8       0
                maintext                            A8F      A8F       2E     151E       0
                cstackBANK0                          20       20       50       20       1
                cstackCOMMON                         75       75        5       70       1
                cstackBANK1                          CB       CB       18       A0       1
                clrtext                             91D      91D        8     123A       0
                inittext                            938      938       10     1270       0
                dataBANK1                            E3       E3        A       A0       1
                bssBANK1                             A0       A0       2B       A0       1
                bssCOMMON                            70       70        5       70       1
                strings                             7E1      7E1       1D      FC2       0
                idataBANK1                          92E      92E        A     125C       0

TOTAL           Name                               Link     Load   Length     Space
        CLASS   STACK          

        CLASS   CODE           
                end_init                             11       11        2         0
                cinit                                13       13       19         0
                intentry                              4        4        D         0
                reset_vec                             0        0        2         0
                text29                              915      915        8         0
                text28                              BA4      BA4       46         0
                text27                              A38      A38       2B         0
                text26                              96E      96E       17         0
                text25                              9D1      9D1       20         0
                text24                              99C      99C       18         0
                text23                              925      925        9         0
                text22                              A63      A63       2C         0
                text21                              948      948       12         0
                text20                              BEA      BEA       6E         0
                text19                              A14      A14       24         0
                text18                              504      504      108         0
                text17                              F49      F49       B7         0
                text16                              70F      70F       D2         0
                text15                              CD3      CD3       8E         0
                text14                              B21      B21       3E         0
                text13                              985      985       17         0
                text12                              9F1      9F1       23         0
                text11                               2C       2C      4D8         0
                text10                              ABD      ABD       30         0
                text9                               D61      D61       96         0
                text8                               9B4      9B4       1D         0
                text7                               C58      C58       7B         0
                text6                               DF7      DF7       A8         0
                text5                               95A      95A       14         0
                text4                               AED      AED       34         0
                text3                               E9F      E9F       AA         0
                text2                               B5F      B5F       45         0
                text1                               60C      60C      103         0
                maintext                            A8F      A8F       2E         0
                clrtext                             91D      91D        8         0
                inittext                            938      938       10         0
                idataBANK1                          92E      92E        A         0

        CLASS   STRCODE        

        CLASS   STRING         
                strings                             7E1      7E1       1D         0

        CLASS   CONST          

        CLASS   ENTRY          

        CLASS   COMMON         
                cstackCOMMON                         75       75        5         1
                bssCOMMON                            70       70        5         1

        CLASS   BANK0          
                cstackBANK0                          20       20       50         1

        CLASS   BANK1          
                cstackBANK1                          CB       CB       18         1
                dataBANK1                            E3       E3        A         1
                bssBANK1                             A0       A0       2B         1

        CLASS   BANK2          

        CLASS   RAM            

        CLASS   ABS1           
                abs_s1                               7E       7E        2         1

        CLASS   SFR0           

        CLASS   SFR1           

        CLASS   SFR2           

        CLASS   SFR3           

        CLASS   CONFIG         
                config                             2007     2007        1         0

        CLASS   IDLOC          

        CLASS   EEDATA         

        CLASS   BANK3          



SEGMENTS        Name                           Load    Length   Top    Selector   Space  Class     Delta

                reset_vec                      000000  000002  000002         0       0  CODE        2
                intentry                       000004  0007DD  0007E1         8       0  CODE        2
                cstackBANK0                    000020  000050  000070        20       1  BANK0       1
                bssCOMMON                      000070  00000A  00007A        70       1  COMMON      1
                bssBANK1                       0000A0  00004D  0000ED        A0       1  BANK1       1
                strings                        0007E1  00001D  0007FE       FC2       0  STRING      2
                text29                         000915  000008  00091D      122A       0  CODE        2
                clrtext                        00091D  000008  000925      123A       0  CODE        2
                text23                         000925  000009  00092E      124A       0  CODE        2
                idataBANK1                     00092E  00000A  000938      125C       0  CODE        2
                inittext                       000938  000010  000948      1270       0  CODE        2
                text21                         000948  000012  00095A      1290       0  CODE        2
                text5                          00095A  000014  00096E      12B4       0  CODE        2
                text26                         00096E  000017  000985      12DC       0  CODE        2
                text13                         000985  000017  00099C      130A       0  CODE        2
                text24                         00099C  000018  0009B4      1338       0  CODE        2
                text8                          0009B4  00001D  0009D1      1368       0  CODE        2
                text25                         0009D1  000020  0009F1      13A2       0  CODE        2
                text12                         0009F1  000023  000A14      13E2       0  CODE        2
                text19                         000A14  000024  000A38      1428       0  CODE        2
                text27                         000A38  00002B  000A63      1470       0  CODE        2
                text22                         000A63  00002C  000A8F      14C6       0  CODE        2
                maintext                       000A8F  00002E  000ABD      151E       0  CODE        2
                text10                         000ABD  000030  000AED      157A       0  CODE        2
                text4                          000AED  000034  000B21      15DA       0  CODE        2
                text14                         000B21  00003E  000B5F      1642       0  CODE        2
                text2                          000B5F  000045  000BA4      16BE       0  CODE        2
                text28                         000BA4  000046  000BEA      1748       0  CODE        2
                text20                         000BEA  00006E  000C58      17D4       0  CODE        2
                text7                          000C58  00007B  000CD3      18B0       0  CODE        2
                text15                         000CD3  00008E  000D61      19A6       0  CODE        2
                text9                          000D61  000096  000DF7      1AC2       0  CODE        2
                text6                          000DF7  0000A8  000E9F      1BEE       0  CODE        2
                text3                          000E9F  0000AA  000F49      1D3E       0  CODE        2
                text17                         000F49  0000B7  001000      1E92       0  CODE        2
                config                         002007  000001  002008      400E       0  CONFIG      2


UNUSED ADDRESS RANGES

        Name                Unused          Largest block    Delta
        BANK1            00ED-00EF              3           1
        BANK2            0120-016F             50           1
        CODE             0002-0003              2           2
                         07FE-0914              2
        COMMON           007A-007D              4           1
        CONST            0002-0003              2           2
                         07FE-0914            100
        EEDATA           2100-21FF            100           2
        ENTRY            0002-0003              2           2
                         07FE-0914            100
        IDLOC            2000-2003              4           2
        RAM              00ED-00EF              3           1
                         0120-016F             50
        SFR0             0000-001F             20           1
        SFR1             0080-009F             20           1
        SFR2             0100-011F             20           1
        SFR3             0180-01EF             70           1
        STACK            0120-016F             50           1
        STRCODE          0002-0003              2           2
                         07FE-0914            117
        STRING           0002-0003              2           2
                         07FE-0914            100

                                  Symbol Table

?_ADC_Read                cstackBANK0  0020
?_AVG                     cstackBANK0  005C
?___awtoft                cstackBANK0  0028
?___ftadd                 cstackBANK0  002C
?___ftdiv                 cstackBANK0  003E
?___ftmul                 cstackBANK0  002E
?___ftpack                cstackBANK0  0020
?___fttol                 cstackBANK0  004E
?___lbtoft                cstackBANK0  0028
?___lwdiv                 cstackBANK0  0020
?___lwmod                 cstackBANK0  0028
?___lwtoft                cstackBANK0  0028
?___wmul                  cstackBANK0  0020
ADC_PF@ARRAY              cstackBANK1  00D2
ADC_PF@angle              cstackBANK1  00D3
ADC_PF@freq_clock         cstackBANK1  00D0
ADC_PF@i                  cstackBANK1  00DB
ADC_PF@index              cstackBANK0  005C
ADC_PF@rad_angle          cstackBANK1  00DC
ADC_PF@step               cstackBANK1  00D5
ADC_PF@temp               cstackBANK1  00D8
ADC_PF@time_dif           cstackBANK1  00CB
ADC_RMS@ANC               cstackBANK0  005C
ADC_RMS@ARRAY             cstackBANK0  0066
ADC_RMS@i                 cstackBANK0  006B
ADC_RMS@index             cstackBANK0  005F
ADC_RMS@max               cstackBANK0  0067
ADC_RMS@min               cstackBANK0  0069
ADC_RMS@rate              cstackBANK0  005D
ADC_RMS@read              cstackBANK0  006C
ADC_Read@ANC              cstackBANK0  0024
AVG@ARRAY                 cstackBANK0  0066
AVG@avg                   cstackBANK0  0062
AVG@i                     cstackBANK0  0067
AVG@index                 cstackBANK0  005C
AVG@ret                   cstackBANK0  0063
Button_Press@input        cstackBANK0  0022
Button_Press@switch_state bssBANK1     00A8
Measure@in                bssCOMMON    0070
Toggle_Relay@read         bssBANK1     00A9
UART_PutC@data            cstackBANK0  0020
UART_Send@F988            dataBANK1    00E3
UART_Send@ch              cstackBANK0  005E
UART_Send@temp            cstackBANK0  005C
UART_Send@txt             cstackBANK0  0063
UART_Write@data           cstackBANK0  0021
UART_Write@i              cstackBANK0  0024
_ADCON0                   (abs)        001F
_ADCON0bits               (abs)        001F
_ADCON1                   (abs)        009F
_ADC_Init                 text26       096E
_ADC_PF                   text11       002C
_ADC_PF$960               cstackBANK1  00CD
_ADC_RMS                  text9        0D61
_ADC_Read                 text10       0ABD
_ADRESH                   (abs)        001E
_ADRESL                   (abs)        009E
_ANSEL                    (abs)        0091
_AVG                      text7        0C58
_A_VALUE                  bssBANK1     00A4
_Button_Press             text27       0A38
_CHAR_STATE               bssCOMMON    0071
_CMCON0                   (abs)        0019
_CREN                     (abs)        00BC
_CURRENT_ARRAY            bssBANK1     00BB
_FREQUENCY_ARRAY          bssBANK1     00AB
_F_VALUE                  dataBANK1    00EB
_GO_DONE                  (abs)        00F9
_INTCONbits               (abs)        000B
_ISR                      text28       0BA4
_Init                     text21       0948
_Init_Setup               text25       09D1
_Measure                  text6        0DF7
_Measure$304              cstackBANK1  00DF
_OERR                     (abs)        00B9
_OPTION_REGbits           (abs)        0081
_PF_FLAG                  bssBANK1     00AA
_PF_SIGN                  bssCOMMON    0074
_PF_VALUE                 bssBANK1     00A2
_PIE1bits                 (abs)        008C
_PIR1bits                 (abs)        000C
_PORTC                    (abs)        0007
_POWER_FACTOR_ARRAY       bssBANK1     00B3
_RCREG                    (abs)        0014
_RCSTAbits                (abs)        0017
_SPBRG                    (abs)        0013
_Send                     text1        060C
_Send$961                 cstackBANK1  00CB
_T1CONbits                (abs)        0010
_TIME_MS                  bssBANK1     00A0
_TIME_S                   bssCOMMON    0073
_TMR0                     (abs)        0001
_TMR1H                    (abs)        000F
_TMR1L                    (abs)        000E
_TRISA                    (abs)        0085
_TRISC                    (abs)        0087
_TRISCbits                (abs)        0087
_TXIF                     (abs)        0061
_TXREG                    (abs)        0015
_TXSTAbits                (abs)        0016
_Toggle_Relay             text5        095A
_UART_GetC                text29       0915
_UART_Init                text24       099C
_UART_PutC                text23       0925
_UART_Send                text2        0B5F
_UART_Write               text22       0A63
_VOLT_ARRAY               bssBANK1     00C3
_V_VALUE                  bssBANK1     00A6
_ZERO_CROSS               bssCOMMON    0072
__CFG_BOREN$ON            (abs)        0000
__CFG_CP$OFF              (abs)        0000
__CFG_CPD$OFF             (abs)        0000
__CFG_FCMEN$ON            (abs)        0000
__CFG_FOSC$HS             (abs)        0000
__CFG_IESO$ON             (abs)        0000
__CFG_MCLRE$ON            (abs)        0000
__CFG_PWRTE$ON            (abs)        0000
__CFG_WDTE$OFF            (abs)        0000
__Habs1                   abs1         0000
__Hbank0                  bank0        0000
__Hbank1                  bank1        0000
__Hbank2                  bank2        0000
__Hbank3                  bank3        0000
__HbssBANK1               bssBANK1     0000
__HbssCOMMON              bssCOMMON    0000
__Hcinit                  cinit        002C
__Hclrtext                clrtext      0000
__Hcode                   code         0000
__Hcommon                 common       0000
__Hconfig                 config       2008
__HcstackBANK0            cstackBANK0  0000
__HcstackBANK1            cstackBANK1  0000
__HcstackCOMMON           cstackCOMMON 0000
__HdataBANK1              dataBANK1    0000
__Heeprom_data            eeprom_data  0000
__Hend_init               end_init     0013
__Hfunctab                functab      0000
__HidataBANK1             idataBANK1   0000
__Hidloc                  idloc        0000
__Hinit                   init         0011
__Hinittext               inittext     0000
__Hintentry               intentry     0011
__Hmaintext               maintext     0000
__Hpowerup                powerup      0000
__Hram                    ram          0000
__Hreset_vec              reset_vec    0002
__Hsfr0                   sfr0         0000
__Hsfr1                   sfr1         0000
__Hsfr2                   sfr2         0000
__Hsfr3                   sfr3         0000
__Hspace_0                (abs)        2008
__Hspace_1                (abs)        00ED
__Hspace_2                (abs)        0000
__Hspace_3                (abs)        0000
__Hstack                  stack        0000
__Hstrings                strings      0000
__Htext                   text         0000
__Labs1                   abs1         0000
__Lbank0                  bank0        0000
__Lbank1                  bank1        0000
__Lbank2                  bank2        0000
__Lbank3                  bank3        0000
__LbssBANK1               bssBANK1     0000
__LbssCOMMON              bssCOMMON    0000
__Lcinit                  cinit        0013
__Lclrtext                clrtext      0000
__Lcode                   code         0000
__Lcommon                 common       0000
__Lconfig                 config       2007
__LcstackBANK0            cstackBANK0  0000
__LcstackBANK1            cstackBANK1  0000
__LcstackCOMMON           cstackCOMMON 0000
__LdataBANK1              dataBANK1    0000
__Leeprom_data            eeprom_data  0000
__Lend_init               end_init     0011
__Lfunctab                functab      0000
__LidataBANK1             idataBANK1   0000
__Lidloc                  idloc        0000
__Linit                   init         0011
__Linittext               inittext     0000
__Lintentry               intentry     0004
__Lmaintext               maintext     0000
__Lpowerup                powerup      0000
__Lram                    ram          0000
__Lreset_vec              reset_vec    0000
__Lsfr0                   sfr0         0000
__Lsfr1                   sfr1         0000
__Lsfr2                   sfr2         0000
__Lsfr3                   sfr3         0000
__Lspace_0                (abs)        0000
__Lspace_1                (abs)        0000
__Lspace_2                (abs)        0000
__Lspace_3                (abs)        0000
__Lstack                  stack        0000
__Lstrings                strings      0000
__Ltext                   text         0000
__S0                      (abs)        2008
__S1                      (abs)        00ED
__S2                      (abs)        0000
__S3                      (abs)        0000
___awtoft                 text19       0A14
___awtoft@c               cstackBANK0  0028
___awtoft@sign            cstackBANK0  002D
___ftadd                  text18       0504
___ftadd@exp1             cstackBANK0  0038
___ftadd@exp2             cstackBANK0  0037
___ftadd@f1               cstackBANK0  002C
___ftadd@f2               cstackBANK0  002F
___ftadd@sign             cstackBANK0  0036
___ftdiv                  text17       0F49
___ftdiv@cntr             cstackBANK0  0048
___ftdiv@exp              cstackBANK0  004C
___ftdiv@f1               cstackBANK0  0041
___ftdiv@f2               cstackBANK0  003E
___ftdiv@f3               cstackBANK0  0049
___ftdiv@sign             cstackBANK0  004D
___ftmul                  text16       070F
___ftmul@cntr             cstackBANK0  003C
___ftmul@exp              cstackBANK0  0038
___ftmul@f1               cstackBANK0  002E
___ftmul@f2               cstackBANK0  0031
___ftmul@f3_as_product    cstackBANK0  0039
___ftmul@sign             cstackBANK0  003D
___ftpack                 text20       0BEA
___ftpack@arg             cstackBANK0  0020
___ftpack@exp             cstackBANK0  0023
___ftpack@sign            cstackBANK0  0024
___fttol                  text15       0CD3
___fttol@exp1             cstackBANK0  005B
___fttol@f1               cstackBANK0  004E
___fttol@lval             cstackBANK0  0057
___fttol@sign1            cstackBANK0  0056
___int_sp                 stack        0000
___latbits                (abs)        0001
___lbtoft                 text8        09B4
___lbtoft@c               cstackBANK0  002F
___lwdiv                  text14       0B21
___lwdiv@counter          cstackBANK0  0025
___lwdiv@dividend         cstackBANK0  0022
___lwdiv@divisor          cstackBANK0  0020
___lwdiv@quotient         cstackBANK0  0026
___lwmod                  text4        0AED
___lwmod@counter          cstackBANK0  002D
___lwmod@dividend         cstackBANK0  002A
___lwmod@divisor          cstackBANK0  0028
___lwtoft                 text13       0985
___lwtoft@c               cstackBANK0  0028
___sp                     stack        0000
___wmul                   text12       09F1
___wmul@multiplicand      cstackBANK0  0022
___wmul@multiplier        cstackBANK0  0020
___wmul@product           cstackBANK0  0024
__end_of_ADC_Init         text26       0985
__end_of_ADC_PF           text11       0504
__end_of_ADC_RMS          text9        0DF7
__end_of_ADC_Read         text10       0AED
__end_of_AVG              text7        0CD3
__end_of_Button_Press     text27       0A63
__end_of_ISR              text28       0BEA
__end_of_Init             text21       095A
__end_of_Init_Setup       text25       09F1
__end_of_Measure          text6        0E9F
__end_of_Send             text1        070F
__end_of_Toggle_Relay     text5        096E
__end_of_UART_GetC        text29       091D
__end_of_UART_Init        text24       09B4
__end_of_UART_PutC        text23       092E
__end_of_UART_Send        text2        0BA4
__end_of_UART_Write       text22       0A8F
__end_of___awtoft         text19       0A38
__end_of___ftadd          text18       060C
__end_of___ftdiv          text17       1000
__end_of___ftmul          text16       07E1
__end_of___ftpack         text20       0C58
__end_of___fttol          text15       0D61
__end_of___lbtoft         text8        09D1
__end_of___lwdiv          text14       0B5F
__end_of___lwmod          text4        0B21
__end_of___lwtoft         text13       099C
__end_of___wmul           text12       0A14
__end_of__initialization  cinit        0029
__end_of__stringtab       strings      07F1
__end_of_floatTostr       text3        0F49
__end_of_main             maintext     0ABD
__initialization          cinit        0013
__pbssBANK1               bssBANK1     00A0
__pbssCOMMON              bssCOMMON    0070
__pcstackBANK0            cstackBANK0  0020
__pcstackBANK1            cstackBANK1  00CB
__pcstackCOMMON           cstackCOMMON 0075
__pdataBANK1              dataBANK1    00E3
__pidataBANK1             idataBANK1   092E
__pintentry               intentry     0004
__pmaintext               maintext     0A8F
__pstrings                strings      07E1
__ptext1                  text1        060C
__ptext10                 text10       0ABD
__ptext11                 text11       002C
__ptext12                 text12       09F1
__ptext13                 text13       0985
__ptext14                 text14       0B21
__ptext15                 text15       0CD3
__ptext16                 text16       070F
__ptext17                 text17       0F49
__ptext18                 text18       0504
__ptext19                 text19       0A14
__ptext2                  text2        0B5F
__ptext20                 text20       0BEA
__ptext21                 text21       0948
__ptext22                 text22       0A63
__ptext23                 text23       0925
__ptext24                 text24       099C
__ptext25                 text25       09D1
__ptext26                 text26       096E
__ptext27                 text27       0A38
__ptext28                 text28       0BA4
__ptext29                 text29       0915
__ptext3                  text3        0E9F
__ptext4                  text4        0AED
__ptext5                  text5        095A
__ptext6                  text6        0DF7
__ptext7                  text7        0C58
__ptext8                  text8        09B4
__ptext9                  text9        0D61
__size_of_ADC_Init        (abs)        0000
__size_of_ADC_PF          (abs)        0000
__size_of_ADC_RMS         (abs)        0000
__size_of_ADC_Read        (abs)        0000
__size_of_AVG             (abs)        0000
__size_of_Button_Press    (abs)        0000
__size_of_ISR             (abs)        0000
__size_of_Init            (abs)        0000
__size_of_Init_Setup      (abs)        0000
__size_of_Measure         (abs)        0000
__size_of_Send            (abs)        0000
__size_of_Toggle_Relay    (abs)        0000
__size_of_UART_GetC       (abs)        0000
__size_of_UART_Init       (abs)        0000
__size_of_UART_PutC       (abs)        0000
__size_of_UART_Send       (abs)        0000
__size_of_UART_Write      (abs)        0000
__size_of___awtoft        (abs)        0000
__size_of___ftadd         (abs)        0000
__size_of___ftdiv         (abs)        0000
__size_of___ftmul         (abs)        0000
__size_of___ftpack        (abs)        0000
__size_of___fttol         (abs)        0000
__size_of___lbtoft        (abs)        0000
__size_of___lwdiv         (abs)        0000
__size_of___lwmod         (abs)        0000
__size_of___lwtoft        (abs)        0000
__size_of___wmul          (abs)        0000
__size_of_floatTostr      (abs)        0000
__size_of_main            (abs)        0000
__stringbase              strings      07F0
__stringtab               strings      07E1
_floatTostr               text3        0E9F
_main                     maintext     0A8F
btemp                     (abs)        007E
clear_ram0                clrtext      091D
end_of_initialization     cinit        0029
floatTostr@num            cstackBANK0  002E
floatTostr@txt            cstackBANK0  0030
init_fetch0               inittext     0938
init_ram0                 inittext     093C
interrupt_function        intentry     0004
intlevel0                 functab      0000
intlevel1                 functab      0000
intlevel2                 functab      0000
intlevel3                 functab      0000
intlevel4                 functab      0000
intlevel5                 functab      0000
reset_vec                 reset_vec    0000
saved_w                   (abs)        007E
stackhi                   (abs)        0000
stacklo                   (abs)        0000
start                     init         0011
start_initialization      cinit        0013
wtemp0                    (abs)        007E


FUNCTION INFORMATION:

 *************** function _main *****************
 Defined at:
		line 27 in file "main.c"
 Parameters:    Size  Location     Type
		None
 Auto vars:     Size  Location     Type
		None
 Return value:  Size  Location     Type
                  1    wreg      void 
 Registers used:
		wreg, fsr0l, fsr0h, status,2, status,0, btemp+1, pclath, cstack
 Tracked objects:
		On entry : 
		On exit  : 
		Unchanged: 
 Data sizes:     COMMON   BANK0   BANK1   BANK2
      Params:         0       0       0       0
      Locals:         0       0       0       0
      Temps:          0       1       0       0
      Totals:         0       1       0       0
Total ram usage:        1 bytes
 Hardware stack levels required when called:    6
 This function calls:
		_Button_Press
		_Init
		_Measure
		_Send
		___lwmod
 This function is called by:
		Startup code after reset
 This function uses a non-reentrant model


 *************** function _Send *****************
 Defined at:
		line 74 in file "main.c"
 Parameters:    Size  Location     Type
		None
 Auto vars:     Size  Location     Type
  i               1    0        unsigned char 
 Return value:  Size  Location     Type
                  1    wreg      void 
 Registers used:
		wreg, fsr0l, fsr0h, status,2, status,0, btemp+1, pclath, cstack
 Tracked objects:
		On entry : 
		On exit  : 
		Unchanged: 
 Data sizes:     COMMON   BANK0   BANK1   BANK2
      Params:         0       0       0       0
      Locals:         0       0       2       0
      Temps:          0       4       0       0
      Totals:         0       4       2       0
Total ram usage:        6 bytes
 Hardware stack levels used:    1
 Hardware stack levels required when called:    5
 This function calls:
		_Toggle_Relay
		_UART_Send
		___ftdiv
		___fttol
		___lwtoft
		___wmul
 This function is called by:
		_main
 This function uses a non-reentrant model


 *************** function _UART_Send *****************
 Defined at:
		line 58 in file "uart.c"
 Parameters:    Size  Location     Type
  temp            2   60[BANK0 ] unsigned int 
  ch              1   62[BANK0 ] unsigned char 
 Auto vars:     Size  Location     Type
  txt             8   67[BANK0 ] unsigned char [8]
 Return value:  Size  Location     Type
                  1    wreg      void 
 Registers used:
		wreg, fsr0l, fsr0h, status,2, status,0, btemp+1, pclath, cstack
 Tracked objects:
		On entry : 
		On exit  : 
		Unchanged: 
 Data sizes:     COMMON   BANK0   BANK1   BANK2
      Params:         0       3       0       0
      Locals:         0       8       0       0
      Temps:          0       4       0       0
      Totals:         0      15       0       0
Total ram usage:       15 bytes
 Hardware stack levels used:    1
 Hardware stack levels required when called:    4
 This function calls:
		_UART_PutC
		_UART_Write
		_floatTostr
 This function is called by:
		_Send
 This function uses a non-reentrant model


 *************** function _floatTostr *****************
 Defined at:
		line 74 in file "uart.c"
 Parameters:    Size  Location     Type
  num             2   14[BANK0 ] unsigned int 
  txt             1   16[BANK0 ] PTR unsigned char 
		 -> UART_Send@txt(8), 
 Auto vars:     Size  Location     Type
		None
 Return value:  Size  Location     Type
                  1    wreg      void 
 Registers used:
		wreg, fsr0l, fsr0h, status,2, status,0, pclath, cstack
 Tracked objects:
		On entry : 
		On exit  : 
		Unchanged: 
 Data sizes:     COMMON   BANK0   BANK1   BANK2
      Params:         0       3       0       0
      Locals:         0       0       0       0
      Temps:          0       1       0       0
      Totals:         0       4       0       0
Total ram usage:        4 bytes
 Hardware stack levels used:    1
 Hardware stack levels required when called:    3
 This function calls:
		___lwdiv
		___lwmod
 This function is called by:
		_UART_Send
 This function uses a non-reentrant model


 *************** function ___lwmod *****************
 Defined at:
		line 6 in file "C:\Program Files (x86)\Microchip\xc8\v1.41\sources\common\lwmod.c"
 Parameters:    Size  Location     Type
  divisor         2    8[BANK0 ] unsigned int 
  dividend        2   10[BANK0 ] unsigned int 
 Auto vars:     Size  Location     Type
  counter         1   13[BANK0 ] unsigned char 
 Return value:  Size  Location     Type
                  2    8[BANK0 ] unsigned int 
 Registers used:
		wreg, status,2, status,0
 Tracked objects:
		On entry : 
		On exit  : 
		Unchanged: 
 Data sizes:     COMMON   BANK0   BANK1   BANK2
      Params:         0       4       0       0
      Locals:         0       1       0       0
      Temps:          0       1       0       0
      Totals:         0       6       0       0
Total ram usage:        6 bytes
 Hardware stack levels used:    1
 Hardware stack levels required when called:    2
 This function calls:
		Nothing
 This function is called by:
		_main
		_floatTostr
 This function uses a non-reentrant model


 *************** function _Toggle_Relay *****************
 Defined at:
		line 44 in file "setup.c"
 Parameters:    Size  Location     Type
		None
 Auto vars:     Size  Location     Type
		None
 Return value:  Size  Location     Type
                  1    wreg      void 
 Registers used:
		wreg, status,2, status,0
 Tracked objects:
		On entry : 
		On exit  : 
		Unchanged: 
 Data sizes:     COMMON   BANK0   BANK1   BANK2
      Params:         0       0       0       0
      Locals:         0       0       0       0
      Temps:          0       1       0       0
      Totals:         0       1       0       0
Total ram usage:        1 bytes
 Hardware stack levels used:    1
 Hardware stack levels required when called:    2
 This function calls:
		Nothing
 This function is called by:
		_Send
 This function uses a non-reentrant model


 *************** function _Measure *****************
 Defined at:
		line 98 in file "main.c"
 Parameters:    Size  Location     Type
		None
 Auto vars:     Size  Location     Type
		None
 Return value:  Size  Location     Type
                  1    wreg      void 
 Registers used:
		wreg, fsr0l, fsr0h, status,2, status,0, pclath, cstack
 Tracked objects:
		On entry : 
		On exit  : 
		Unchanged: 
 Data sizes:     COMMON   BANK0   BANK1   BANK2
      Params:         0       0       0       0
      Locals:         0       0       4       0
      Temps:          0       1       0       0
      Totals:         0       1       4       0
Total ram usage:        5 bytes
 Hardware stack levels used:    1
 Hardware stack levels required when called:    5
 This function calls:
		_ADC_PF
		_ADC_RMS
		_AVG
 This function is called by:
		_main
 This function uses a non-reentrant model


 *************** function _AVG *****************
 Defined at:
		line 144 in file "adc.c"
 Parameters:    Size  Location     Type
  ARRAY           1    wreg     PTR unsigned int 
		 -> POWER_FACTOR_ARRAY(8), CURRENT_ARRAY(8), VOLT_ARRAY(8), FREQUENCY_ARRAY(8), 
  index           1   60[BANK0 ] const unsigned char 
 Auto vars:     Size  Location     Type
  ARRAY           1   70[BANK0 ] PTR unsigned int 
		 -> POWER_FACTOR_ARRAY(8), CURRENT_ARRAY(8), VOLT_ARRAY(8), FREQUENCY_ARRAY(8), 
  ret             3   67[BANK0 ] float 
  i               1   71[BANK0 ] unsigned char 
  avg             1   66[BANK0 ] unsigned char 
 Return value:  Size  Location     Type
                  2   60[BANK0 ] unsigned int 
 Registers used:
		wreg, fsr0l, fsr0h, status,2, status,0, pclath, cstack
 Tracked objects:
		On entry : 
		On exit  : 
		Unchanged: 
 Data sizes:     COMMON   BANK0   BANK1   BANK2
      Params:         0       2       0       0
      Locals:         0       6       0       0
      Temps:          0       4       0       0
      Totals:         0      12       0       0
Total ram usage:       12 bytes
 Hardware stack levels used:    1
 Hardware stack levels required when called:    4
 This function calls:
		___ftadd
		___ftdiv
		___fttol
		___lbtoft
		___lwtoft
 This function is called by:
		_Measure
 This function uses a non-reentrant model


 *************** function ___lbtoft *****************
 Defined at:
		line 27 in file "C:\Program Files (x86)\Microchip\xc8\v1.41\sources\common\lbtoft.c"
 Parameters:    Size  Location     Type
  c               1    wreg     unsigned char 
 Auto vars:     Size  Location     Type
  c               1   15[BANK0 ] unsigned char 
 Return value:  Size  Location     Type
                  3    8[BANK0 ] float 
 Registers used:
		wreg, status,2, status,0, pclath, cstack
 Tracked objects:
		On entry : 
		On exit  : 
		Unchanged: 
 Data sizes:     COMMON   BANK0   BANK1   BANK2
      Params:         0       3       0       0
      Locals:         0       1       0       0
      Temps:          0       4       0       0
      Totals:         0       8       0       0
Total ram usage:        8 bytes
 Hardware stack levels used:    1
 Hardware stack levels required when called:    3
 This function calls:
		___ftpack
 This function is called by:
		_AVG
 This function uses a non-reentrant model


 *************** function _ADC_RMS *****************
 Defined at:
		line 28 in file "adc.c"
 Parameters:    Size  Location     Type
  ARRAY           1    wreg     PTR unsigned int 
		 -> CURRENT_ARRAY(8), VOLT_ARRAY(8), 
  ANC             1   60[BANK0 ] unsigned char 
  rate            2   61[BANK0 ] unsigned int 
  index           1   63[BANK0 ] const unsigned char 
 Auto vars:     Size  Location     Type
  ARRAY           1   70[BANK0 ] PTR unsigned int 
		 -> CURRENT_ARRAY(8), VOLT_ARRAY(8), 
  read            2   76[BANK0 ] unsigned int 
  min             2   73[BANK0 ] unsigned int 
  max             2   71[BANK0 ] unsigned int 
  i               1   75[BANK0 ] unsigned char 
 Return value:  Size  Location     Type
                  1    wreg      void 
 Registers used:
		wreg, fsr0l, fsr0h, status,2, status,0, pclath, cstack
 Tracked objects:
		On entry : 
		On exit  : 
		Unchanged: 
 Data sizes:     COMMON   BANK0   BANK1   BANK2
      Params:         0       4       0       0
      Locals:         0       8       0       0
      Temps:          0       6       0       0
      Totals:         0      18       0       0
Total ram usage:       18 bytes
 Hardware stack levels used:    1
 Hardware stack levels required when called:    4
 This function calls:
		_ADC_Read
		___ftdiv
		___ftmul
		___fttol
		___lwtoft
 This function is called by:
		_Measure
 This function uses a non-reentrant model


 *************** function _ADC_Read *****************
 Defined at:
		line 17 in file "adc.c"
 Parameters:    Size  Location     Type
  ANC             1    wreg     unsigned char 
 Auto vars:     Size  Location     Type
  ANC             1    4[BANK0 ] unsigned char 
 Return value:  Size  Location     Type
                  2    0[BANK0 ] unsigned int 
 Registers used:
		wreg, status,2, status,0
 Tracked objects:
		On entry : 
		On exit  : 
		Unchanged: 
 Data sizes:     COMMON   BANK0   BANK1   BANK2
      Params:         0       2       0       0
      Locals:         0       1       0       0
      Temps:          0       2       0       0
      Totals:         0       5       0       0
Total ram usage:        5 bytes
 Hardware stack levels used:    1
 Hardware stack levels required when called:    2
 This function calls:
		Nothing
 This function is called by:
		_ADC_RMS
 This function uses a non-reentrant model


 *************** function _ADC_PF *****************
 Defined at:
		line 47 in file "adc.c"
 Parameters:    Size  Location     Type
  ARRAY           1    wreg     PTR unsigned int 
		 -> POWER_FACTOR_ARRAY(8), 
  index           1   60[BANK0 ] const unsigned char 
 Auto vars:     Size  Location     Type
  ARRAY           1    7[BANK1 ] PTR unsigned int 
		 -> POWER_FACTOR_ARRAY(8), 
  rad_angle       3   17[BANK1 ] float 
  temp            3   13[BANK1 ] float 
  step            3   10[BANK1 ] float 
  angle           2    8[BANK1 ] unsigned int 
  freq_clock      2    5[BANK1 ] unsigned int 
  time_dif        2    0[BANK1 ] unsigned int 
  i               1   16[BANK1 ] unsigned char 
 Return value:  Size  Location     Type
                  1    wreg      void 
 Registers used:
		wreg, fsr0l, fsr0h, status,2, status,0, pclath, cstack
 Tracked objects:
		On entry : 
		On exit  : 
		Unchanged: 
 Data sizes:     COMMON   BANK0   BANK1   BANK2
      Params:         0       1       0       0
      Locals:         0       0      20       0
      Temps:          0       4       0       0
      Totals:         0       5      20       0
Total ram usage:       25 bytes
 Hardware stack levels used:    1
 Hardware stack levels required when called:    4
 This function calls:
		___awtoft
		___ftadd
		___ftdiv
		___ftmul
		___fttol
		___lwdiv
		___lwtoft
		___wmul
 This function is called by:
		_Measure
 This function uses a non-reentrant model


 *************** function ___wmul *****************
 Defined at:
		line 15 in file "C:\Program Files (x86)\Microchip\xc8\v1.41\sources\common\Umul16.c"
 Parameters:    Size  Location     Type
  multiplier      2    0[BANK0 ] unsigned int 
  multiplicand    2    2[BANK0 ] unsigned int 
 Auto vars:     Size  Location     Type
  product         2    4[BANK0 ] unsigned int 
 Return value:  Size  Location     Type
                  2    0[BANK0 ] unsigned int 
 Registers used:
		wreg, status,2, status,0
 Tracked objects:
		On entry : 
		On exit  : 
		Unchanged: 
 Data sizes:     COMMON   BANK0   BANK1   BANK2
      Params:         0       4       0       0
      Locals:         0       2       0       0
      Temps:          0       0       0       0
      Totals:         0       6       0       0
Total ram usage:        6 bytes
 Hardware stack levels used:    1
 Hardware stack levels required when called:    2
 This function calls:
		Nothing
 This function is called by:
		_ADC_PF
		_Send
 This function uses a non-reentrant model


 *************** function ___lwtoft *****************
 Defined at:
		line 28 in file "C:\Program Files (x86)\Microchip\xc8\v1.41\sources\common\lwtoft.c"
 Parameters:    Size  Location     Type
  c               2    8[BANK0 ] unsigned int 
 Auto vars:     Size  Location     Type
		None
 Return value:  Size  Location     Type
                  3    8[BANK0 ] float 
 Registers used:
		wreg, status,2, status,0, pclath, cstack
 Tracked objects:
		On entry : 
		On exit  : 
		Unchanged: 
 Data sizes:     COMMON   BANK0   BANK1   BANK2
      Params:         0       3       0       0
      Locals:         0       0       0       0
      Temps:          0       1       0       0
      Totals:         0       4       0       0
Total ram usage:        4 bytes
 Hardware stack levels used:    1
 Hardware stack levels required when called:    3
 This function calls:
		___ftpack
 This function is called by:
		_ADC_RMS
		_ADC_PF
		_AVG
		_Send
 This function uses a non-reentrant model


 *************** function ___lwdiv *****************
 Defined at:
		line 6 in file "C:\Program Files (x86)\Microchip\xc8\v1.41\sources\common\lwdiv.c"
 Parameters:    Size  Location     Type
  divisor         2    0[BANK0 ] unsigned int 
  dividend        2    2[BANK0 ] unsigned int 
 Auto vars:     Size  Location     Type
  quotient        2    6[BANK0 ] unsigned int 
  counter         1    5[BANK0 ] unsigned char 
 Return value:  Size  Location     Type
                  2    0[BANK0 ] unsigned int 
 Registers used:
		wreg, status,2, status,0
 Tracked objects:
		On entry : 
		On exit  : 
		Unchanged: 
 Data sizes:     COMMON   BANK0   BANK1   BANK2
      Params:         0       4       0       0
      Locals:         0       3       0       0
      Temps:          0       1       0       0
      Totals:         0       8       0       0
Total ram usage:        8 bytes
 Hardware stack levels used:    1
 Hardware stack levels required when called:    2
 This function calls:
		Nothing
 This function is called by:
		_ADC_PF
		_floatTostr
 This function uses a non-reentrant model


 *************** function ___fttol *****************
 Defined at:
		line 44 in file "C:\Program Files (x86)\Microchip\xc8\v1.41\sources\common\fttol.c"
 Parameters:    Size  Location     Type
  f1              3   46[BANK0 ] float 
 Auto vars:     Size  Location     Type
  lval            4   55[BANK0 ] unsigned long 
  exp1            1   59[BANK0 ] unsigned char 
  sign1           1   54[BANK0 ] unsigned char 
 Return value:  Size  Location     Type
                  4   46[BANK0 ] long 
 Registers used:
		wreg, status,2, status,0
 Tracked objects:
		On entry : 
		On exit  : 
		Unchanged: 
 Data sizes:     COMMON   BANK0   BANK1   BANK2
      Params:         0       4       0       0
      Locals:         0       6       0       0
      Temps:          0       4       0       0
      Totals:         0      14       0       0
Total ram usage:       14 bytes
 Hardware stack levels used:    1
 Hardware stack levels required when called:    2
 This function calls:
		Nothing
 This function is called by:
		_ADC_RMS
		_ADC_PF
		_AVG
		_Send
 This function uses a non-reentrant model


 *************** function ___ftmul *****************
 Defined at:
		line 62 in file "C:\Program Files (x86)\Microchip\xc8\v1.41\sources\common\ftmul.c"
 Parameters:    Size  Location     Type
  f1              3   14[BANK0 ] float 
  f2              3   17[BANK0 ] float 
 Auto vars:     Size  Location     Type
  f3_as_produc    3   25[BANK0 ] unsigned um
  sign            1   29[BANK0 ] unsigned char 
  cntr            1   28[BANK0 ] unsigned char 
  exp             1   24[BANK0 ] unsigned char 
 Return value:  Size  Location     Type
                  3   14[BANK0 ] float 
 Registers used:
		wreg, status,2, status,0, pclath, cstack
 Tracked objects:
		On entry : 
		On exit  : 
		Unchanged: 
 Data sizes:     COMMON   BANK0   BANK1   BANK2
      Params:         0       6       0       0
      Locals:         0       6       0       0
      Temps:          0       4       0       0
      Totals:         0      16       0       0
Total ram usage:       16 bytes
 Hardware stack levels used:    1
 Hardware stack levels required when called:    3
 This function calls:
		___ftpack
 This function is called by:
		_ADC_RMS
		_ADC_PF
 This function uses a non-reentrant model


 *************** function ___ftdiv *****************
 Defined at:
		line 56 in file "C:\Program Files (x86)\Microchip\xc8\v1.41\sources\common\ftdiv.c"
 Parameters:    Size  Location     Type
  f2              3   30[BANK0 ] float 
  f1              3   33[BANK0 ] float 
 Auto vars:     Size  Location     Type
  f3              3   41[BANK0 ] float 
  sign            1   45[BANK0 ] unsigned char 
  exp             1   44[BANK0 ] unsigned char 
  cntr            1   40[BANK0 ] unsigned char 
 Return value:  Size  Location     Type
                  3   30[BANK0 ] float 
 Registers used:
		wreg, status,2, status,0, pclath, cstack
 Tracked objects:
		On entry : 
		On exit  : 
		Unchanged: 
 Data sizes:     COMMON   BANK0   BANK1   BANK2
      Params:         0       6       0       0
      Locals:         0       6       0       0
      Temps:          0       4       0       0
      Totals:         0      16       0       0
Total ram usage:       16 bytes
 Hardware stack levels used:    1
 Hardware stack levels required when called:    3
 This function calls:
		___ftpack
 This function is called by:
		_ADC_RMS
		_ADC_PF
		_AVG
		_Send
 This function uses a non-reentrant model


 *************** function ___ftadd *****************
 Defined at:
		line 86 in file "C:\Program Files (x86)\Microchip\xc8\v1.41\sources\common\ftadd.c"
 Parameters:    Size  Location     Type
  f1              3   12[BANK0 ] float 
  f2              3   15[BANK0 ] float 
 Auto vars:     Size  Location     Type
  exp1            1   24[BANK0 ] unsigned char 
  exp2            1   23[BANK0 ] unsigned char 
  sign            1   22[BANK0 ] unsigned char 
 Return value:  Size  Location     Type
                  3   12[BANK0 ] float 
 Registers used:
		wreg, status,2, status,0, pclath, cstack
 Tracked objects:
		On entry : 
		On exit  : 
		Unchanged: 
 Data sizes:     COMMON   BANK0   BANK1   BANK2
      Params:         0       6       0       0
      Locals:         0       3       0       0
      Temps:          0       4       0       0
      Totals:         0      13       0       0
Total ram usage:       13 bytes
 Hardware stack levels used:    1
 Hardware stack levels required when called:    3
 This function calls:
		___ftpack
 This function is called by:
		_ADC_PF
		_AVG
 This function uses a non-reentrant model


 *************** function ___awtoft *****************
 Defined at:
		line 32 in file "C:\Program Files (x86)\Microchip\xc8\v1.41\sources\common\awtoft.c"
 Parameters:    Size  Location     Type
  c               2    8[BANK0 ] int 
 Auto vars:     Size  Location     Type
  sign            1   13[BANK0 ] unsigned char 
 Return value:  Size  Location     Type
                  3    8[BANK0 ] float 
 Registers used:
		wreg, status,2, status,0, pclath, cstack
 Tracked objects:
		On entry : 
		On exit  : 
		Unchanged: 
 Data sizes:     COMMON   BANK0   BANK1   BANK2
      Params:         0       3       0       0
      Locals:         0       1       0       0
      Temps:          0       2       0       0
      Totals:         0       6       0       0
Total ram usage:        6 bytes
 Hardware stack levels used:    1
 Hardware stack levels required when called:    3
 This function calls:
		___ftpack
 This function is called by:
		_ADC_PF
 This function uses a non-reentrant model


 *************** function ___ftpack *****************
 Defined at:
		line 62 in file "C:\Program Files (x86)\Microchip\xc8\v1.41\sources\common\float.c"
 Parameters:    Size  Location     Type
  arg             3    0[BANK0 ] unsigned um
  exp             1    3[BANK0 ] unsigned char 
  sign            1    4[BANK0 ] unsigned char 
 Auto vars:     Size  Location     Type
		None
 Return value:  Size  Location     Type
                  3    0[BANK0 ] float 
 Registers used:
		wreg, status,2, status,0
 Tracked objects:
		On entry : 
		On exit  : 
		Unchanged: 
 Data sizes:     COMMON   BANK0   BANK1   BANK2
      Params:         0       5       0       0
      Locals:         0       0       0       0
      Temps:          0       3       0       0
      Totals:         0       8       0       0
Total ram usage:        8 bytes
 Hardware stack levels used:    1
 Hardware stack levels required when called:    2
 This function calls:
		Nothing
 This function is called by:
		___awtoft
		___ftadd
		___ftdiv
		___ftmul
		___lbtoft
		___lwtoft
 This function uses a non-reentrant model


 *************** function _Init *****************
 Defined at:
		line 66 in file "main.c"
 Parameters:    Size  Location     Type
		None
 Auto vars:     Size  Location     Type
		None
 Return value:  Size  Location     Type
                  1    wreg      void 
 Registers used:
		wreg, fsr0l, fsr0h, status,2, status,0, btemp+1, pclath, cstack
 Tracked objects:
		On entry : 
		On exit  : 
		Unchanged: 
 Data sizes:     COMMON   BANK0   BANK1   BANK2
      Params:         0       0       0       0
      Locals:         0       0       0       0
      Temps:          0       0       0       0
      Totals:         0       0       0       0
Total ram usage:        0 bytes
 Hardware stack levels used:    1
 Hardware stack levels required when called:    4
 This function calls:
		_ADC_Init
		_Init_Setup
		_UART_Init
		_UART_Write
 This function is called by:
		_main
 This function uses a non-reentrant model


 *************** function _UART_Write *****************
 Defined at:
		line 42 in file "uart.c"
 Parameters:    Size  Location     Type
  data            2    1[BANK0 ] PTR const unsigned char 
		 -> UART_Send@txt(8), STR_1(13), 
 Auto vars:     Size  Location     Type
  i               1    4[BANK0 ] unsigned char 
 Return value:  Size  Location     Type
                  1    wreg      void 
 Registers used:
		wreg, fsr0l, fsr0h, status,2, status,0, btemp+1, pclath, cstack
 Tracked objects:
		On entry : 
		On exit  : 
		Unchanged: 
 Data sizes:     COMMON   BANK0   BANK1   BANK2
      Params:         0       2       0       0
      Locals:         0       1       0       0
      Temps:          0       1       0       0
      Totals:         0       4       0       0
Total ram usage:        4 bytes
 Hardware stack levels used:    1
 Hardware stack levels required when called:    3
 This function calls:
		_UART_PutC
 This function is called by:
		_Init
		_UART_Send
 This function uses a non-reentrant model


 *************** function _UART_PutC *****************
 Defined at:
		line 35 in file "uart.c"
 Parameters:    Size  Location     Type
  data            1    wreg     const unsigned char 
 Auto vars:     Size  Location     Type
  data            1    0[BANK0 ] const unsigned char 
 Return value:  Size  Location     Type
                  1    wreg      void 
 Registers used:
		wreg
 Tracked objects:
		On entry : 
		On exit  : 
		Unchanged: 
 Data sizes:     COMMON   BANK0   BANK1   BANK2
      Params:         0       0       0       0
      Locals:         0       1       0       0
      Temps:          0       0       0       0
      Totals:         0       1       0       0
Total ram usage:        1 bytes
 Hardware stack levels used:    1
 Hardware stack levels required when called:    2
 This function calls:
		Nothing
 This function is called by:
		_UART_Write
		_UART_Send
 This function uses a non-reentrant model


 *************** function _UART_Init *****************
 Defined at:
		line 7 in file "uart.c"
 Parameters:    Size  Location     Type
		None
 Auto vars:     Size  Location     Type
		None
 Return value:  Size  Location     Type
                  1    wreg      void 
 Registers used:
		wreg
 Tracked objects:
		On entry : 
		On exit  : 
		Unchanged: 
 Data sizes:     COMMON   BANK0   BANK1   BANK2
      Params:         0       0       0       0
      Locals:         0       0       0       0
      Temps:          0       0       0       0
      Totals:         0       0       0       0
Total ram usage:        0 bytes
 Hardware stack levels used:    1
 Hardware stack levels required when called:    2
 This function calls:
		Nothing
 This function is called by:
		_Init
 This function uses a non-reentrant model


 *************** function _Init_Setup *****************
 Defined at:
		line 7 in file "setup.c"
 Parameters:    Size  Location     Type
		None
 Auto vars:     Size  Location     Type
		None
 Return value:  Size  Location     Type
                  1    wreg      void 
 Registers used:
		wreg
 Tracked objects:
		On entry : 
		On exit  : 
		Unchanged: 
 Data sizes:     COMMON   BANK0   BANK1   BANK2
      Params:         0       0       0       0
      Locals:         0       0       0       0
      Temps:          0       0       0       0
      Totals:         0       0       0       0
Total ram usage:        0 bytes
 Hardware stack levels used:    1
 Hardware stack levels required when called:    2
 This function calls:
		Nothing
 This function is called by:
		_Init
 This function uses a non-reentrant model


 *************** function _ADC_Init *****************
 Defined at:
		line 7 in file "adc.c"
 Parameters:    Size  Location     Type
		None
 Auto vars:     Size  Location     Type
		None
 Return value:  Size  Location     Type
                  1    wreg      void 
 Registers used:
		wreg, status,2
 Tracked objects:
		On entry : 
		On exit  : 
		Unchanged: 
 Data sizes:     COMMON   BANK0   BANK1   BANK2
      Params:         0       0       0       0
      Locals:         0       0       0       0
      Temps:          0       0       0       0
      Totals:         0       0       0       0
Total ram usage:        0 bytes
 Hardware stack levels used:    1
 Hardware stack levels required when called:    2
 This function calls:
		Nothing
 This function is called by:
		_Init
 This function uses a non-reentrant model


 *************** function _Button_Press *****************
 Defined at:
		line 52 in file "setup.c"
 Parameters:    Size  Location     Type
		None
 Auto vars:     Size  Location     Type
  input           1    2[BANK0 ] unsigned char 
 Return value:  Size  Location     Type
                  1    wreg      unsigned char 
 Registers used:
		wreg, status,2, status,0
 Tracked objects:
		On entry : 
		On exit  : 
		Unchanged: 
 Data sizes:     COMMON   BANK0   BANK1   BANK2
      Params:         0       0       0       0
      Locals:         0       1       0       0
      Temps:          0       2       0       0
      Totals:         0       3       0       0
Total ram usage:        3 bytes
 Hardware stack levels used:    1
 Hardware stack levels required when called:    2
 This function calls:
		Nothing
 This function is called by:
		_main
 This function uses a non-reentrant model


 *************** function _ISR *****************
 Defined at:
		line 39 in file "main.c"
 Parameters:    Size  Location     Type
		None
 Auto vars:     Size  Location     Type
		None
 Return value:  Size  Location     Type
                  1    wreg      void 
 Registers used:
		wreg, status,2, status,0, pclath, cstack
 Tracked objects:
		On entry : 
		On exit  : 
		Unchanged: 
 Data sizes:     COMMON   BANK0   BANK1   BANK2
      Params:         0       0       0       0
      Locals:         0       0       0       0
      Temps:          5       0       0       0
      Totals:         5       0       0       0
Total ram usage:        5 bytes
 Hardware stack levels used:    1
 Hardware stack levels required when called:    1
 This function calls:
		_UART_GetC
 This function is called by:
		Interrupt level 1
 This function uses a non-reentrant model


 *************** function _UART_GetC *****************
 Defined at:
		line 26 in file "uart.c"
 Parameters:    Size  Location     Type
		None
 Auto vars:     Size  Location     Type
		None
 Return value:  Size  Location     Type
                  1    wreg      unsigned char 
 Registers used:
		wreg
 Tracked objects:
		On entry : 
		On exit  : 
		Unchanged: 
 Data sizes:     COMMON   BANK0   BANK1   BANK2
      Params:         0       0       0       0
      Locals:         0       0       0       0
      Temps:          0       0       0       0
      Totals:         0       0       0       0
Total ram usage:        0 bytes
 Hardware stack levels used:    1
 This function calls:
		Nothing
 This function is called by:
		_ISR
 This function uses a non-reentrant model



MODULE INFORMATION

Module		Function		Class		Link	Load	Size
C:\Program Files (x86)\Microchip\xc8\v1.41\sources\common\lwdiv.c
		___lwdiv       		CODE           	0B21	0000	63

C:\Program Files (x86)\Microchip\xc8\v1.41\sources\common\lwdiv.c estimated size: 63

uart.c
		_UART_Init     		CODE           	099C	0000	25
		_UART_GetC     		CODE           	0915	0000	9
		_UART_PutC     		CODE           	0925	0000	10
		_UART_Send     		CODE           	0B5F	0000	70
		_floatTostr    		CODE           	0E9F	0000	171
		_UART_Write    		CODE           	0A63	0000	45

uart.c estimated size: 330

C:\Program Files (x86)\Microchip\xc8\v1.41\sources\common\fttol.c
		___fttol       		CODE           	0CD3	0000	143

C:\Program Files (x86)\Microchip\xc8\v1.41\sources\common\fttol.c estimated size: 143

C:\Program Files (x86)\Microchip\xc8\v1.41\sources\common\Umul16.c
		___wmul        		CODE           	09F1	0000	36

C:\Program Files (x86)\Microchip\xc8\v1.41\sources\common\Umul16.c estimated size: 36

C:\Program Files (x86)\Microchip\xc8\v1.41\sources\common\ftadd.c
		___ftadd       		CODE           	0504	0000	265

C:\Program Files (x86)\Microchip\xc8\v1.41\sources\common\ftadd.c estimated size: 265

adc.c
		_ADC_PF        		CODE           	002C	0000	1241
		_AVG           		CODE           	0C58	0000	124
		_ADC_Read      		CODE           	0ABD	0000	49
		_ADC_Init      		CODE           	096E	0000	24
		_ADC_RMS       		CODE           	0D61	0000	151

adc.c estimated size: 1589

C:\Program Files (x86)\Microchip\xc8\v1.41\sources\common\float.c
		___ftpack      		CODE           	0BEA	0000	111

C:\Program Files (x86)\Microchip\xc8\v1.41\sources\common\float.c estimated size: 111

shared
		__stringtab    		STRING         	07E1	0000	17
		__initialization		CODE           	0013	0000	23

shared estimated size: 40

C:\Program Files (x86)\Microchip\xc8\v1.41\sources\common\lwmod.c
		___lwmod       		CODE           	0AED	0000	53

C:\Program Files (x86)\Microchip\xc8\v1.41\sources\common\lwmod.c estimated size: 53

C:\Program Files (x86)\Microchip\xc8\v1.41\sources\common\awtoft.c
		___awtoft      		CODE           	0A14	0000	37

C:\Program Files (x86)\Microchip\xc8\v1.41\sources\common\awtoft.c estimated size: 37

setup.c
		_Init_Setup    		CODE           	09D1	0000	33
		_Toggle_Relay  		CODE           	095A	0000	21
		_Button_Press  		CODE           	0A38	0000	44

setup.c estimated size: 98

C:\Program Files (x86)\Microchip\xc8\v1.41\sources\common\lbtoft.c
		___lbtoft      		CODE           	09B4	0000	30

C:\Program Files (x86)\Microchip\xc8\v1.41\sources\common\lbtoft.c estimated size: 30

C:\Program Files (x86)\Microchip\xc8\v1.41\sources\common\ftmul.c
		___ftmul       		CODE           	070F	0000	211

C:\Program Files (x86)\Microchip\xc8\v1.41\sources\common\ftmul.c estimated size: 211

C:\Program Files (x86)\Microchip\xc8\v1.41\sources\common\lwtoft.c
		___lwtoft      		CODE           	0985	0000	24

C:\Program Files (x86)\Microchip\xc8\v1.41\sources\common\lwtoft.c estimated size: 24

main.c
		_ISR           		CODE           	0BA4	0000	71
		_main          		CODE           	0A8F	0000	47
		_Send          		CODE           	060C	0000	260
		_Init          		CODE           	0948	0000	19
		_Measure       		CODE           	0DF7	0000	169

main.c estimated size: 566

C:\Program Files (x86)\Microchip\xc8\v1.41\sources\common\ftdiv.c
		___ftdiv       		CODE           	0F49	0000	184

C:\Program Files (x86)\Microchip\xc8\v1.41\sources\common\ftdiv.c estimated size: 184

